    1C
    1UR4 FE front rotor ring rpm=24000.0 thermal=False                  
    1UUSER                                                              
    1UDATE              05.august.2026                                  
    1UTIME              09:05:03                                        
    1UHOST                                                              
    1UPGM               CalculiX                                        
    1UVERSION           Version 2.21                             
    1UCOMPILETIME       Sat Jul 29 10:52:01 CEST 2023                    
    1UDIR                                                               
    1UDBN                                                               
    1UMAT    1STEEL                                                     
    2C                            30                                     1
 -1         1 5.29500E+01 0.00000E+00 0.00000E+00
 -1         2 6.13250E+01 0.00000E+00 0.00000E+00
 -1         3 6.97000E+01 0.00000E+00 0.00000E+00
 -1         4 4.89194E+01 2.02631E+01 0.00000E+00
 -1         5 5.66569E+01 2.34681E+01 0.00000E+00
 -1         6 6.43944E+01 2.66730E+01 0.00000E+00
 -1         7 3.74413E+01 3.74413E+01 0.00000E+00
 -1         8 4.33633E+01 4.33633E+01 0.00000E+00
 -1         9 4.92853E+01 4.92853E+01 0.00000E+00
 -1        10 2.02631E+01 4.89194E+01 0.00000E+00
 -1        11 2.34681E+01 5.66569E+01 0.00000E+00
 -1        12 2.66730E+01 6.43944E+01 0.00000E+00
 -1        13 0.00000E+00 5.29500E+01 0.00000E+00
 -1        14 0.00000E+00 6.13250E+01 0.00000E+00
 -1        15 0.00000E+00 6.97000E+01 0.00000E+00
 -1        16 5.29500E+01 0.00000E+00 3.25000E+01
 -1        17 6.13250E+01 0.00000E+00 3.25000E+01
 -1        18 6.97000E+01 0.00000E+00 3.25000E+01
 -1        19 4.89194E+01 2.02631E+01 3.25000E+01
 -1        20 5.66569E+01 2.34681E+01 3.25000E+01
 -1        21 6.43944E+01 2.66730E+01 3.25000E+01
 -1        22 3.74413E+01 3.74413E+01 3.25000E+01
 -1        23 4.33633E+01 4.33633E+01 3.25000E+01
 -1        24 4.92853E+01 4.92853E+01 3.25000E+01
 -1        25 2.02631E+01 4.89194E+01 3.25000E+01
 -1        26 2.34681E+01 5.66569E+01 3.25000E+01
 -1        27 2.66730E+01 6.43944E+01 3.25000E+01
 -1        28 0.00000E+00 5.29500E+01 3.25000E+01
 -1        29 0.00000E+00 6.13250E+01 3.25000E+01
 -1        30 0.00000E+00 6.97000E+01 3.25000E+01
 -3
    3C                             8                                     1
 -1         1    1    0    1
 -2         1         2         5         4        16        17        20        19
 -1         2    1    0    1
 -2         2         3         6         5        17        18        21        20
 -1         3    1    0    1
 -2         4         5         8         7        19        20        23        22
 -1         4    1    0    1
 -2         5         6         9         8        20        21        24        23
 -1         5    1    0    1
 -2         7         8        11        10        22        23        26        25
 -1         6    1    0    1
 -2         8         9        12        11        23        24        27        26
 -1         7    1    0    1
 -2        10        11        14        13        25        26        29        28
 -1         8    1    0    1
 -2        11        12        15        14        26        27        30        29
 -3
    1PSTEP                         1           1           1          
  100CL  101 1.000000000          30                     0    1           1
 -4  DISP        4    1
 -5  D1          1    2    1    0
 -5  D2          1    2    2    0
 -5  D3          1    2    3    0
 -5  ALL         1    2    0    0    1ALL
 -1         1 5.45886E-02 0.00000E+00 0.00000E+00
 -1         2 5.23725E-02 0.00000E+00 0.00000E+00
 -1         3 5.06004E-02 0.00000E+00 0.00000E+00
 -1         4 5.04333E-02 2.08901E-02 0.00000E+00
 -1         5 4.83859E-02 2.00421E-02 0.00000E+00
 -1         6 4.67486E-02 1.93639E-02 0.00000E+00
 -1         7 3.85999E-02 3.85999E-02 0.00000E+00
 -1         8 3.70330E-02 3.70330E-02 0.00000E+00
 -1         9 3.57799E-02 3.57799E-02 0.00000E+00
 -1        10 2.08901E-02 5.04333E-02 0.00000E+00
 -1        11 2.00421E-02 4.83859E-02 0.00000E+00
 -1        12 1.93639E-02 4.67486E-02 0.00000E+00
 -1        13 0.00000E+00 5.45886E-02 0.00000E+00
 -1        14 0.00000E+00 5.23725E-02 0.00000E+00
 -1        15 0.00000E+00 5.06004E-02 0.00000E+00
 -1        16 5.33272E-02 0.00000E+00-9.23775E-03
 -1        17 5.11873E-02 0.00000E+00-8.56341E-03
 -1        18 4.94782E-02 0.00000E+00-7.95883E-03
 -1        19 4.92679E-02 2.04074E-02-9.23775E-03
 -1        20 4.72909E-02 1.95886E-02-8.56341E-03
 -1        21 4.57119E-02 1.89345E-02-7.95883E-03
 -1        22 3.77080E-02 3.77080E-02-9.23775E-03
 -1        23 3.61949E-02 3.61949E-02-8.56341E-03
 -1        24 3.49864E-02 3.49864E-02-7.95883E-03
 -1        25 2.04074E-02 4.92679E-02-9.23775E-03
 -1        26 1.95886E-02 4.72909E-02-8.56341E-03
 -1        27 1.89345E-02 4.57119E-02-7.95883E-03
 -1        28 0.00000E+00 5.33272E-02-9.23775E-03
 -1        29 0.00000E+00 5.11873E-02-8.56341E-03
 -1        30 0.00000E+00 4.94782E-02-7.95883E-03
 -3
    1PSTEP                         2           1           1          
  100CL  101 1.000000000          30                     0    1           1
 -4  STRESS      6    1
 -5  SXX         1    4    1    1
 -5  SYY         1    4    2    2
 -5  SZZ         1    4    3    3
 -5  SXY         1    4    1    2
 -5  SYZ         1    4    2    3
 -5  SZX         1    4    3    1
 -1         1 1.51026E+01 2.23625E+02 1.19305E+01-2.07382E+01-2.32633E-06-3.13475E+00
 -1         2 3.81566E+00 1.79669E+02-2.85153E-01-1.74891E+01-1.61583E-06-2.94546E+00
 -1         3-1.84318E+00 1.49193E+02-7.21939E+00-1.50209E+01-9.49730E-07-2.78888E+00
 -1         4 4.56400E+01 1.93088E+02 1.19305E+01-7.37238E+01-1.19962E+00-2.89613E+00
 -1         5 2.95688E+01 1.53916E+02-2.85153E-01-6.21736E+01-1.12718E+00-2.72125E+00
 -1         6 2.02755E+01 1.27074E+02-7.21940E+00-5.33992E+01-1.06726E+00-2.57659E+00
 -1         7 1.19364E+02 1.19364E+02 1.19305E+01-1.04261E+02-2.21660E+00-2.21660E+00
 -1         8 9.17424E+01 9.17424E+01-2.85152E-01-8.79268E+01-2.08275E+00-2.08275E+00
 -1         9 7.36747E+01 7.36747E+01-7.21939E+00-7.55179E+01-1.97204E+00-1.97204E+00
 -1        10 1.93088E+02 4.56400E+01 1.19305E+01-7.37238E+01-2.89613E+00-1.19962E+00
 -1        11 1.53916E+02 2.95688E+01-2.85153E-01-6.21736E+01-2.72125E+00-1.12718E+00
 -1        12 1.27074E+02 2.02755E+01-7.21940E+00-5.33992E+01-2.57659E+00-1.06726E+00
 -1        13 2.23625E+02 1.51026E+01 1.19305E+01-2.07382E+01-3.13475E+00-2.32633E-06
 -1        14 1.79669E+02 3.81566E+00-2.85153E-01-1.74891E+01-2.94546E+00-1.61583E-06
 -1        15 1.49193E+02-1.84318E+00-7.21939E+00-1.50209E+01-2.78888E+00-9.49730E-07
 -1        16 1.48018E+01 2.18026E+02 1.01605E+01-2.02113E+01 1.29360E+00 3.36860E+00
 -1        17 3.83357E+00 1.75237E+02-1.60939E+00-1.70466E+01 1.22668E+00 3.22150E+00
 -1        18-1.65936E+00 1.45571E+02-8.25079E+00-1.46424E+01 1.15977E+00 3.04169E+00
 -1        19 4.45633E+01 1.88264E+02 1.01605E+01-7.18506E+01 1.28911E+00 3.11218E+00
 -1        20 2.89350E+01 1.50136E+02-1.60940E+00-6.06003E+01 1.23282E+00 2.97628E+00
 -1        21 1.99020E+01 1.24009E+02-8.25079E+00-5.20537E+01 1.16401E+00 2.81016E+00
 -1        22 1.16414E+02 1.16414E+02 1.01605E+01-1.01612E+02 2.38196E+00 2.38196E+00
 -1        23 8.95354E+01 8.95354E+01-1.60939E+00-8.57018E+01 2.27795E+00 2.27795E+00
 -1        24 7.19557E+01 7.19557E+01-8.25079E+00-7.36150E+01 2.15080E+00 2.15080E+00
 -1        25 1.88264E+02 4.45633E+01 1.01605E+01-7.18506E+01 3.11218E+00 1.28911E+00
 -1        26 1.50136E+02 2.89350E+01-1.60940E+00-6.06003E+01 2.97628E+00 1.23282E+00
 -1        27 1.24009E+02 1.99020E+01-8.25079E+00-5.20537E+01 2.81016E+00 1.16401E+00
 -1        28 2.18026E+02 1.48018E+01 1.01605E+01-2.02113E+01 3.36860E+00 1.29360E+00
 -1        29 1.75237E+02 3.83357E+00-1.60939E+00-1.70466E+01 3.22150E+00 1.22668E+00
 -1        30 1.45571E+02-1.65936E+00-8.25079E+00-1.46424E+01 3.04169E+00 1.15977E+00
 -3
    1PSTEP                         3           1           1          
  100CL  101 1.000000000          30                     0    1           1
 -4  ERROR       1    1
 -5  STR(%)      1    1    0    0
 -1         1 4.46486E+00
 -1         2 4.46486E+00
 -1         3 3.93304E+00
 -1         4 4.46486E+00
 -1         5 4.46486E+00
 -1         6 3.93304E+00
 -1         7 4.46486E+00
 -1         8 4.46486E+00
 -1         9 3.93304E+00
 -1        10 4.46486E+00
 -1        11 4.46486E+00
 -1        12 3.93304E+00
 -1        13 4.46486E+00
 -1        14 4.46486E+00
 -1        15 3.93304E+00
 -1        16 4.46486E+00
 -1        17 4.46486E+00
 -1        18 3.93304E+00
 -1        19 4.46486E+00
 -1        20 4.46486E+00
 -1        21 3.93304E+00
 -1        22 4.46486E+00
 -1        23 4.46486E+00
 -1        24 3.93304E+00
 -1        25 4.46486E+00
 -1        26 4.46486E+00
 -1        27 3.93304E+00
 -1        28 4.46486E+00
 -1        29 4.46486E+00
 -1        30 3.93304E+00
 -3
 9999
