    1C
    1UR4 dense centrif_Tgrad rpm=24000.0 nr=8 nth=16 nz=4               
    1UUSER                                                              
    1UDATE              05.august.2026                                  
    1UTIME              10:08:53                                        
    1UHOST                                                              
    1UPGM               CalculiX                                        
    1UVERSION           Version 2.21                             
    1UCOMPILETIME       Sat Jul 29 10:52:01 CEST 2023                    
    1UDIR                                                               
    1UDBN                                                               
    1UMAT    1STEEL                                                     
    2C                           765                                     1
 -1         1 5.29500E+01 0.00000E+00 0.00000E+00
 -1         2 5.50438E+01 0.00000E+00 0.00000E+00
 -1         3 5.71375E+01 0.00000E+00 0.00000E+00
 -1         4 5.92313E+01 0.00000E+00 0.00000E+00
 -1         5 6.13250E+01 0.00000E+00 0.00000E+00
 -1         6 6.34188E+01 0.00000E+00 0.00000E+00
 -1         7 6.55125E+01 0.00000E+00 0.00000E+00
 -1         8 6.76062E+01 0.00000E+00 0.00000E+00
 -1         9 6.97000E+01 0.00000E+00 0.00000E+00
 -1        10 5.26950E+01 5.19001E+00 0.00000E+00
 -1        11 5.47787E+01 5.39523E+00 0.00000E+00
 -1        12 5.68624E+01 5.60045E+00 0.00000E+00
 -1        13 5.89460E+01 5.80568E+00 0.00000E+00
 -1        14 6.10297E+01 6.01090E+00 0.00000E+00
 -1        15 6.31134E+01 6.21613E+00 0.00000E+00
 -1        16 6.51970E+01 6.42135E+00 0.00000E+00
 -1        17 6.72807E+01 6.62657E+00 0.00000E+00
 -1        18 6.93644E+01 6.83180E+00 0.00000E+00
 -1        19 5.19326E+01 1.03300E+01 0.00000E+00
 -1        20 5.39861E+01 1.07385E+01 0.00000E+00
 -1        21 5.60396E+01 1.11470E+01 0.00000E+00
 -1        22 5.80931E+01 1.15554E+01 0.00000E+00
 -1        23 6.01467E+01 1.19639E+01 0.00000E+00
 -1        24 6.22002E+01 1.23724E+01 0.00000E+00
 -1        25 6.42537E+01 1.27809E+01 0.00000E+00
 -1        26 6.63072E+01 1.31893E+01 0.00000E+00
 -1        27 6.83607E+01 1.35978E+01 0.00000E+00
 -1        28 5.06700E+01 1.53706E+01 0.00000E+00
 -1        29 5.26736E+01 1.59784E+01 0.00000E+00
 -1        30 5.46772E+01 1.65861E+01 0.00000E+00
 -1        31 5.66808E+01 1.71939E+01 0.00000E+00
 -1        32 5.86844E+01 1.78017E+01 0.00000E+00
 -1        33 6.06880E+01 1.84095E+01 0.00000E+00
 -1        34 6.26916E+01 1.90173E+01 0.00000E+00
 -1        35 6.46951E+01 1.96251E+01 0.00000E+00
 -1        36 6.66987E+01 2.02328E+01 0.00000E+00
 -1        37 4.89194E+01 2.02631E+01 0.00000E+00
 -1        38 5.08538E+01 2.10643E+01 0.00000E+00
 -1        39 5.27882E+01 2.18656E+01 0.00000E+00
 -1        40 5.47225E+01 2.26668E+01 0.00000E+00
 -1        41 5.66569E+01 2.34681E+01 0.00000E+00
 -1        42 5.85913E+01 2.42693E+01 0.00000E+00
 -1        43 6.05257E+01 2.50705E+01 0.00000E+00
 -1        44 6.24600E+01 2.58718E+01 0.00000E+00
 -1        45 6.43944E+01 2.66730E+01 0.00000E+00
 -1        46 4.66977E+01 2.49605E+01 0.00000E+00
 -1        47 4.85443E+01 2.59474E+01 0.00000E+00
 -1        48 5.03908E+01 2.69344E+01 0.00000E+00
 -1        49 5.22373E+01 2.79214E+01 0.00000E+00
 -1        50 5.40838E+01 2.89084E+01 0.00000E+00
 -1        51 5.59303E+01 2.98954E+01 0.00000E+00
 -1        52 5.77769E+01 3.08824E+01 0.00000E+00
 -1        53 5.96234E+01 3.18694E+01 0.00000E+00
 -1        54 6.14699E+01 3.28564E+01 0.00000E+00
 -1        55 4.40263E+01 2.94174E+01 0.00000E+00
 -1        56 4.57672E+01 3.05807E+01 0.00000E+00
 -1        57 4.75081E+01 3.17439E+01 0.00000E+00
 -1        58 4.92490E+01 3.29071E+01 0.00000E+00
 -1        59 5.09899E+01 3.40703E+01 0.00000E+00
 -1        60 5.27308E+01 3.52336E+01 0.00000E+00
 -1        61 5.44717E+01 3.63968E+01 0.00000E+00
 -1        62 5.62125E+01 3.75600E+01 0.00000E+00
 -1        63 5.79534E+01 3.87232E+01 0.00000E+00
 -1        64 4.09309E+01 3.35911E+01 0.00000E+00
 -1        65 4.25494E+01 3.49194E+01 0.00000E+00
 -1        66 4.41679E+01 3.62476E+01 0.00000E+00
 -1        67 4.57864E+01 3.75759E+01 0.00000E+00
 -1        68 4.74049E+01 3.89042E+01 0.00000E+00
 -1        69 4.90234E+01 4.02324E+01 0.00000E+00
 -1        70 5.06418E+01 4.15607E+01 0.00000E+00
 -1        71 5.22603E+01 4.28890E+01 0.00000E+00
 -1        72 5.38788E+01 4.42172E+01 0.00000E+00
 -1        73 3.74413E+01 3.74413E+01 0.00000E+00
 -1        74 3.89218E+01 3.89218E+01 0.00000E+00
 -1        75 4.04023E+01 4.04023E+01 0.00000E+00
 -1        76 4.18828E+01 4.18828E+01 0.00000E+00
 -1        77 4.33633E+01 4.33633E+01 0.00000E+00
 -1        78 4.48438E+01 4.48438E+01 0.00000E+00
 -1        79 4.63243E+01 4.63243E+01 0.00000E+00
 -1        80 4.78048E+01 4.78048E+01 0.00000E+00
 -1        81 4.92853E+01 4.92853E+01 0.00000E+00
 -1        82 3.35911E+01 4.09309E+01 0.00000E+00
 -1        83 3.49194E+01 4.25494E+01 0.00000E+00
 -1        84 3.62476E+01 4.41679E+01 0.00000E+00
 -1        85 3.75759E+01 4.57864E+01 0.00000E+00
 -1        86 3.89042E+01 4.74049E+01 0.00000E+00
 -1        87 4.02324E+01 4.90234E+01 0.00000E+00
 -1        88 4.15607E+01 5.06418E+01 0.00000E+00
 -1        89 4.28890E+01 5.22603E+01 0.00000E+00
 -1        90 4.42172E+01 5.38788E+01 0.00000E+00
 -1        91 2.94174E+01 4.40263E+01 0.00000E+00
 -1        92 3.05807E+01 4.57672E+01 0.00000E+00
 -1        93 3.17439E+01 4.75081E+01 0.00000E+00
 -1        94 3.29071E+01 4.92490E+01 0.00000E+00
 -1        95 3.40703E+01 5.09899E+01 0.00000E+00
 -1        96 3.52336E+01 5.27308E+01 0.00000E+00
 -1        97 3.63968E+01 5.44717E+01 0.00000E+00
 -1        98 3.75600E+01 5.62125E+01 0.00000E+00
 -1        99 3.87232E+01 5.79534E+01 0.00000E+00
 -1       100 2.49605E+01 4.66977E+01 0.00000E+00
 -1       101 2.59474E+01 4.85443E+01 0.00000E+00
 -1       102 2.69344E+01 5.03908E+01 0.00000E+00
 -1       103 2.79214E+01 5.22373E+01 0.00000E+00
 -1       104 2.89084E+01 5.40838E+01 0.00000E+00
 -1       105 2.98954E+01 5.59303E+01 0.00000E+00
 -1       106 3.08824E+01 5.77769E+01 0.00000E+00
 -1       107 3.18694E+01 5.96234E+01 0.00000E+00
 -1       108 3.28564E+01 6.14699E+01 0.00000E+00
 -1       109 2.02631E+01 4.89194E+01 0.00000E+00
 -1       110 2.10643E+01 5.08538E+01 0.00000E+00
 -1       111 2.18656E+01 5.27882E+01 0.00000E+00
 -1       112 2.26668E+01 5.47225E+01 0.00000E+00
 -1       113 2.34681E+01 5.66569E+01 0.00000E+00
 -1       114 2.42693E+01 5.85913E+01 0.00000E+00
 -1       115 2.50705E+01 6.05257E+01 0.00000E+00
 -1       116 2.58718E+01 6.24600E+01 0.00000E+00
 -1       117 2.66730E+01 6.43944E+01 0.00000E+00
 -1       118 1.53706E+01 5.06700E+01 0.00000E+00
 -1       119 1.59784E+01 5.26736E+01 0.00000E+00
 -1       120 1.65861E+01 5.46772E+01 0.00000E+00
 -1       121 1.71939E+01 5.66808E+01 0.00000E+00
 -1       122 1.78017E+01 5.86844E+01 0.00000E+00
 -1       123 1.84095E+01 6.06880E+01 0.00000E+00
 -1       124 1.90173E+01 6.26916E+01 0.00000E+00
 -1       125 1.96251E+01 6.46951E+01 0.00000E+00
 -1       126 2.02328E+01 6.66987E+01 0.00000E+00
 -1       127 1.03300E+01 5.19326E+01 0.00000E+00
 -1       128 1.07385E+01 5.39861E+01 0.00000E+00
 -1       129 1.11470E+01 5.60396E+01 0.00000E+00
 -1       130 1.15554E+01 5.80931E+01 0.00000E+00
 -1       131 1.19639E+01 6.01467E+01 0.00000E+00
 -1       132 1.23724E+01 6.22002E+01 0.00000E+00
 -1       133 1.27809E+01 6.42537E+01 0.00000E+00
 -1       134 1.31893E+01 6.63072E+01 0.00000E+00
 -1       135 1.35978E+01 6.83607E+01 0.00000E+00
 -1       136 5.19001E+00 5.26950E+01 0.00000E+00
 -1       137 5.39523E+00 5.47787E+01 0.00000E+00
 -1       138 5.60045E+00 5.68624E+01 0.00000E+00
 -1       139 5.80568E+00 5.89460E+01 0.00000E+00
 -1       140 6.01090E+00 6.10297E+01 0.00000E+00
 -1       141 6.21613E+00 6.31134E+01 0.00000E+00
 -1       142 6.42135E+00 6.51970E+01 0.00000E+00
 -1       143 6.62657E+00 6.72807E+01 0.00000E+00
 -1       144 6.83180E+00 6.93644E+01 0.00000E+00
 -1       145 0.00000E+00 5.29500E+01 0.00000E+00
 -1       146 0.00000E+00 5.50438E+01 0.00000E+00
 -1       147 0.00000E+00 5.71375E+01 0.00000E+00
 -1       148 0.00000E+00 5.92313E+01 0.00000E+00
 -1       149 0.00000E+00 6.13250E+01 0.00000E+00
 -1       150 0.00000E+00 6.34188E+01 0.00000E+00
 -1       151 0.00000E+00 6.55125E+01 0.00000E+00
 -1       152 0.00000E+00 6.76062E+01 0.00000E+00
 -1       153 0.00000E+00 6.97000E+01 0.00000E+00
 -1       154 5.29500E+01 0.00000E+00 1.62500E+01
 -1       155 5.50438E+01 0.00000E+00 1.62500E+01
 -1       156 5.71375E+01 0.00000E+00 1.62500E+01
 -1       157 5.92313E+01 0.00000E+00 1.62500E+01
 -1       158 6.13250E+01 0.00000E+00 1.62500E+01
 -1       159 6.34188E+01 0.00000E+00 1.62500E+01
 -1       160 6.55125E+01 0.00000E+00 1.62500E+01
 -1       161 6.76062E+01 0.00000E+00 1.62500E+01
 -1       162 6.97000E+01 0.00000E+00 1.62500E+01
 -1       163 5.26950E+01 5.19001E+00 1.62500E+01
 -1       164 5.47787E+01 5.39523E+00 1.62500E+01
 -1       165 5.68624E+01 5.60045E+00 1.62500E+01
 -1       166 5.89460E+01 5.80568E+00 1.62500E+01
 -1       167 6.10297E+01 6.01090E+00 1.62500E+01
 -1       168 6.31134E+01 6.21613E+00 1.62500E+01
 -1       169 6.51970E+01 6.42135E+00 1.62500E+01
 -1       170 6.72807E+01 6.62657E+00 1.62500E+01
 -1       171 6.93644E+01 6.83180E+00 1.62500E+01
 -1       172 5.19326E+01 1.03300E+01 1.62500E+01
 -1       173 5.39861E+01 1.07385E+01 1.62500E+01
 -1       174 5.60396E+01 1.11470E+01 1.62500E+01
 -1       175 5.80931E+01 1.15554E+01 1.62500E+01
 -1       176 6.01467E+01 1.19639E+01 1.62500E+01
 -1       177 6.22002E+01 1.23724E+01 1.62500E+01
 -1       178 6.42537E+01 1.27809E+01 1.62500E+01
 -1       179 6.63072E+01 1.31893E+01 1.62500E+01
 -1       180 6.83607E+01 1.35978E+01 1.62500E+01
 -1       181 5.06700E+01 1.53706E+01 1.62500E+01
 -1       182 5.26736E+01 1.59784E+01 1.62500E+01
 -1       183 5.46772E+01 1.65861E+01 1.62500E+01
 -1       184 5.66808E+01 1.71939E+01 1.62500E+01
 -1       185 5.86844E+01 1.78017E+01 1.62500E+01
 -1       186 6.06880E+01 1.84095E+01 1.62500E+01
 -1       187 6.26916E+01 1.90173E+01 1.62500E+01
 -1       188 6.46951E+01 1.96251E+01 1.62500E+01
 -1       189 6.66987E+01 2.02328E+01 1.62500E+01
 -1       190 4.89194E+01 2.02631E+01 1.62500E+01
 -1       191 5.08538E+01 2.10643E+01 1.62500E+01
 -1       192 5.27882E+01 2.18656E+01 1.62500E+01
 -1       193 5.47225E+01 2.26668E+01 1.62500E+01
 -1       194 5.66569E+01 2.34681E+01 1.62500E+01
 -1       195 5.85913E+01 2.42693E+01 1.62500E+01
 -1       196 6.05257E+01 2.50705E+01 1.62500E+01
 -1       197 6.24600E+01 2.58718E+01 1.62500E+01
 -1       198 6.43944E+01 2.66730E+01 1.62500E+01
 -1       199 4.66977E+01 2.49605E+01 1.62500E+01
 -1       200 4.85443E+01 2.59474E+01 1.62500E+01
 -1       201 5.03908E+01 2.69344E+01 1.62500E+01
 -1       202 5.22373E+01 2.79214E+01 1.62500E+01
 -1       203 5.40838E+01 2.89084E+01 1.62500E+01
 -1       204 5.59303E+01 2.98954E+01 1.62500E+01
 -1       205 5.77769E+01 3.08824E+01 1.62500E+01
 -1       206 5.96234E+01 3.18694E+01 1.62500E+01
 -1       207 6.14699E+01 3.28564E+01 1.62500E+01
 -1       208 4.40263E+01 2.94174E+01 1.62500E+01
 -1       209 4.57672E+01 3.05807E+01 1.62500E+01
 -1       210 4.75081E+01 3.17439E+01 1.62500E+01
 -1       211 4.92490E+01 3.29071E+01 1.62500E+01
 -1       212 5.09899E+01 3.40703E+01 1.62500E+01
 -1       213 5.27308E+01 3.52336E+01 1.62500E+01
 -1       214 5.44717E+01 3.63968E+01 1.62500E+01
 -1       215 5.62125E+01 3.75600E+01 1.62500E+01
 -1       216 5.79534E+01 3.87232E+01 1.62500E+01
 -1       217 4.09309E+01 3.35911E+01 1.62500E+01
 -1       218 4.25494E+01 3.49194E+01 1.62500E+01
 -1       219 4.41679E+01 3.62476E+01 1.62500E+01
 -1       220 4.57864E+01 3.75759E+01 1.62500E+01
 -1       221 4.74049E+01 3.89042E+01 1.62500E+01
 -1       222 4.90234E+01 4.02324E+01 1.62500E+01
 -1       223 5.06418E+01 4.15607E+01 1.62500E+01
 -1       224 5.22603E+01 4.28890E+01 1.62500E+01
 -1       225 5.38788E+01 4.42172E+01 1.62500E+01
 -1       226 3.74413E+01 3.74413E+01 1.62500E+01
 -1       227 3.89218E+01 3.89218E+01 1.62500E+01
 -1       228 4.04023E+01 4.04023E+01 1.62500E+01
 -1       229 4.18828E+01 4.18828E+01 1.62500E+01
 -1       230 4.33633E+01 4.33633E+01 1.62500E+01
 -1       231 4.48438E+01 4.48438E+01 1.62500E+01
 -1       232 4.63243E+01 4.63243E+01 1.62500E+01
 -1       233 4.78048E+01 4.78048E+01 1.62500E+01
 -1       234 4.92853E+01 4.92853E+01 1.62500E+01
 -1       235 3.35911E+01 4.09309E+01 1.62500E+01
 -1       236 3.49194E+01 4.25494E+01 1.62500E+01
 -1       237 3.62476E+01 4.41679E+01 1.62500E+01
 -1       238 3.75759E+01 4.57864E+01 1.62500E+01
 -1       239 3.89042E+01 4.74049E+01 1.62500E+01
 -1       240 4.02324E+01 4.90234E+01 1.62500E+01
 -1       241 4.15607E+01 5.06418E+01 1.62500E+01
 -1       242 4.28890E+01 5.22603E+01 1.62500E+01
 -1       243 4.42172E+01 5.38788E+01 1.62500E+01
 -1       244 2.94174E+01 4.40263E+01 1.62500E+01
 -1       245 3.05807E+01 4.57672E+01 1.62500E+01
 -1       246 3.17439E+01 4.75081E+01 1.62500E+01
 -1       247 3.29071E+01 4.92490E+01 1.62500E+01
 -1       248 3.40703E+01 5.09899E+01 1.62500E+01
 -1       249 3.52336E+01 5.27308E+01 1.62500E+01
 -1       250 3.63968E+01 5.44717E+01 1.62500E+01
 -1       251 3.75600E+01 5.62125E+01 1.62500E+01
 -1       252 3.87232E+01 5.79534E+01 1.62500E+01
 -1       253 2.49605E+01 4.66977E+01 1.62500E+01
 -1       254 2.59474E+01 4.85443E+01 1.62500E+01
 -1       255 2.69344E+01 5.03908E+01 1.62500E+01
 -1       256 2.79214E+01 5.22373E+01 1.62500E+01
 -1       257 2.89084E+01 5.40838E+01 1.62500E+01
 -1       258 2.98954E+01 5.59303E+01 1.62500E+01
 -1       259 3.08824E+01 5.77769E+01 1.62500E+01
 -1       260 3.18694E+01 5.96234E+01 1.62500E+01
 -1       261 3.28564E+01 6.14699E+01 1.62500E+01
 -1       262 2.02631E+01 4.89194E+01 1.62500E+01
 -1       263 2.10643E+01 5.08538E+01 1.62500E+01
 -1       264 2.18656E+01 5.27882E+01 1.62500E+01
 -1       265 2.26668E+01 5.47225E+01 1.62500E+01
 -1       266 2.34681E+01 5.66569E+01 1.62500E+01
 -1       267 2.42693E+01 5.85913E+01 1.62500E+01
 -1       268 2.50705E+01 6.05257E+01 1.62500E+01
 -1       269 2.58718E+01 6.24600E+01 1.62500E+01
 -1       270 2.66730E+01 6.43944E+01 1.62500E+01
 -1       271 1.53706E+01 5.06700E+01 1.62500E+01
 -1       272 1.59784E+01 5.26736E+01 1.62500E+01
 -1       273 1.65861E+01 5.46772E+01 1.62500E+01
 -1       274 1.71939E+01 5.66808E+01 1.62500E+01
 -1       275 1.78017E+01 5.86844E+01 1.62500E+01
 -1       276 1.84095E+01 6.06880E+01 1.62500E+01
 -1       277 1.90173E+01 6.26916E+01 1.62500E+01
 -1       278 1.96251E+01 6.46951E+01 1.62500E+01
 -1       279 2.02328E+01 6.66987E+01 1.62500E+01
 -1       280 1.03300E+01 5.19326E+01 1.62500E+01
 -1       281 1.07385E+01 5.39861E+01 1.62500E+01
 -1       282 1.11470E+01 5.60396E+01 1.62500E+01
 -1       283 1.15554E+01 5.80931E+01 1.62500E+01
 -1       284 1.19639E+01 6.01467E+01 1.62500E+01
 -1       285 1.23724E+01 6.22002E+01 1.62500E+01
 -1       286 1.27809E+01 6.42537E+01 1.62500E+01
 -1       287 1.31893E+01 6.63072E+01 1.62500E+01
 -1       288 1.35978E+01 6.83607E+01 1.62500E+01
 -1       289 5.19001E+00 5.26950E+01 1.62500E+01
 -1       290 5.39523E+00 5.47787E+01 1.62500E+01
 -1       291 5.60045E+00 5.68624E+01 1.62500E+01
 -1       292 5.80568E+00 5.89460E+01 1.62500E+01
 -1       293 6.01090E+00 6.10297E+01 1.62500E+01
 -1       294 6.21613E+00 6.31134E+01 1.62500E+01
 -1       295 6.42135E+00 6.51970E+01 1.62500E+01
 -1       296 6.62657E+00 6.72807E+01 1.62500E+01
 -1       297 6.83180E+00 6.93644E+01 1.62500E+01
 -1       298 0.00000E+00 5.29500E+01 1.62500E+01
 -1       299 0.00000E+00 5.50438E+01 1.62500E+01
 -1       300 0.00000E+00 5.71375E+01 1.62500E+01
 -1       301 0.00000E+00 5.92313E+01 1.62500E+01
 -1       302 0.00000E+00 6.13250E+01 1.62500E+01
 -1       303 0.00000E+00 6.34188E+01 1.62500E+01
 -1       304 0.00000E+00 6.55125E+01 1.62500E+01
 -1       305 0.00000E+00 6.76062E+01 1.62500E+01
 -1       306 0.00000E+00 6.97000E+01 1.62500E+01
 -1       307 5.29500E+01 0.00000E+00 3.25000E+01
 -1       308 5.50438E+01 0.00000E+00 3.25000E+01
 -1       309 5.71375E+01 0.00000E+00 3.25000E+01
 -1       310 5.92313E+01 0.00000E+00 3.25000E+01
 -1       311 6.13250E+01 0.00000E+00 3.25000E+01
 -1       312 6.34188E+01 0.00000E+00 3.25000E+01
 -1       313 6.55125E+01 0.00000E+00 3.25000E+01
 -1       314 6.76062E+01 0.00000E+00 3.25000E+01
 -1       315 6.97000E+01 0.00000E+00 3.25000E+01
 -1       316 5.26950E+01 5.19001E+00 3.25000E+01
 -1       317 5.47787E+01 5.39523E+00 3.25000E+01
 -1       318 5.68624E+01 5.60045E+00 3.25000E+01
 -1       319 5.89460E+01 5.80568E+00 3.25000E+01
 -1       320 6.10297E+01 6.01090E+00 3.25000E+01
 -1       321 6.31134E+01 6.21613E+00 3.25000E+01
 -1       322 6.51970E+01 6.42135E+00 3.25000E+01
 -1       323 6.72807E+01 6.62657E+00 3.25000E+01
 -1       324 6.93644E+01 6.83180E+00 3.25000E+01
 -1       325 5.19326E+01 1.03300E+01 3.25000E+01
 -1       326 5.39861E+01 1.07385E+01 3.25000E+01
 -1       327 5.60396E+01 1.11470E+01 3.25000E+01
 -1       328 5.80931E+01 1.15554E+01 3.25000E+01
 -1       329 6.01467E+01 1.19639E+01 3.25000E+01
 -1       330 6.22002E+01 1.23724E+01 3.25000E+01
 -1       331 6.42537E+01 1.27809E+01 3.25000E+01
 -1       332 6.63072E+01 1.31893E+01 3.25000E+01
 -1       333 6.83607E+01 1.35978E+01 3.25000E+01
 -1       334 5.06700E+01 1.53706E+01 3.25000E+01
 -1       335 5.26736E+01 1.59784E+01 3.25000E+01
 -1       336 5.46772E+01 1.65861E+01 3.25000E+01
 -1       337 5.66808E+01 1.71939E+01 3.25000E+01
 -1       338 5.86844E+01 1.78017E+01 3.25000E+01
 -1       339 6.06880E+01 1.84095E+01 3.25000E+01
 -1       340 6.26916E+01 1.90173E+01 3.25000E+01
 -1       341 6.46951E+01 1.96251E+01 3.25000E+01
 -1       342 6.66987E+01 2.02328E+01 3.25000E+01
 -1       343 4.89194E+01 2.02631E+01 3.25000E+01
 -1       344 5.08538E+01 2.10643E+01 3.25000E+01
 -1       345 5.27882E+01 2.18656E+01 3.25000E+01
 -1       346 5.47225E+01 2.26668E+01 3.25000E+01
 -1       347 5.66569E+01 2.34681E+01 3.25000E+01
 -1       348 5.85913E+01 2.42693E+01 3.25000E+01
 -1       349 6.05257E+01 2.50705E+01 3.25000E+01
 -1       350 6.24600E+01 2.58718E+01 3.25000E+01
 -1       351 6.43944E+01 2.66730E+01 3.25000E+01
 -1       352 4.66977E+01 2.49605E+01 3.25000E+01
 -1       353 4.85443E+01 2.59474E+01 3.25000E+01
 -1       354 5.03908E+01 2.69344E+01 3.25000E+01
 -1       355 5.22373E+01 2.79214E+01 3.25000E+01
 -1       356 5.40838E+01 2.89084E+01 3.25000E+01
 -1       357 5.59303E+01 2.98954E+01 3.25000E+01
 -1       358 5.77769E+01 3.08824E+01 3.25000E+01
 -1       359 5.96234E+01 3.18694E+01 3.25000E+01
 -1       360 6.14699E+01 3.28564E+01 3.25000E+01
 -1       361 4.40263E+01 2.94174E+01 3.25000E+01
 -1       362 4.57672E+01 3.05807E+01 3.25000E+01
 -1       363 4.75081E+01 3.17439E+01 3.25000E+01
 -1       364 4.92490E+01 3.29071E+01 3.25000E+01
 -1       365 5.09899E+01 3.40703E+01 3.25000E+01
 -1       366 5.27308E+01 3.52336E+01 3.25000E+01
 -1       367 5.44717E+01 3.63968E+01 3.25000E+01
 -1       368 5.62125E+01 3.75600E+01 3.25000E+01
 -1       369 5.79534E+01 3.87232E+01 3.25000E+01
 -1       370 4.09309E+01 3.35911E+01 3.25000E+01
 -1       371 4.25494E+01 3.49194E+01 3.25000E+01
 -1       372 4.41679E+01 3.62476E+01 3.25000E+01
 -1       373 4.57864E+01 3.75759E+01 3.25000E+01
 -1       374 4.74049E+01 3.89042E+01 3.25000E+01
 -1       375 4.90234E+01 4.02324E+01 3.25000E+01
 -1       376 5.06418E+01 4.15607E+01 3.25000E+01
 -1       377 5.22603E+01 4.28890E+01 3.25000E+01
 -1       378 5.38788E+01 4.42172E+01 3.25000E+01
 -1       379 3.74413E+01 3.74413E+01 3.25000E+01
 -1       380 3.89218E+01 3.89218E+01 3.25000E+01
 -1       381 4.04023E+01 4.04023E+01 3.25000E+01
 -1       382 4.18828E+01 4.18828E+01 3.25000E+01
 -1       383 4.33633E+01 4.33633E+01 3.25000E+01
 -1       384 4.48438E+01 4.48438E+01 3.25000E+01
 -1       385 4.63243E+01 4.63243E+01 3.25000E+01
 -1       386 4.78048E+01 4.78048E+01 3.25000E+01
 -1       387 4.92853E+01 4.92853E+01 3.25000E+01
 -1       388 3.35911E+01 4.09309E+01 3.25000E+01
 -1       389 3.49194E+01 4.25494E+01 3.25000E+01
 -1       390 3.62476E+01 4.41679E+01 3.25000E+01
 -1       391 3.75759E+01 4.57864E+01 3.25000E+01
 -1       392 3.89042E+01 4.74049E+01 3.25000E+01
 -1       393 4.02324E+01 4.90234E+01 3.25000E+01
 -1       394 4.15607E+01 5.06418E+01 3.25000E+01
 -1       395 4.28890E+01 5.22603E+01 3.25000E+01
 -1       396 4.42172E+01 5.38788E+01 3.25000E+01
 -1       397 2.94174E+01 4.40263E+01 3.25000E+01
 -1       398 3.05807E+01 4.57672E+01 3.25000E+01
 -1       399 3.17439E+01 4.75081E+01 3.25000E+01
 -1       400 3.29071E+01 4.92490E+01 3.25000E+01
 -1       401 3.40703E+01 5.09899E+01 3.25000E+01
 -1       402 3.52336E+01 5.27308E+01 3.25000E+01
 -1       403 3.63968E+01 5.44717E+01 3.25000E+01
 -1       404 3.75600E+01 5.62125E+01 3.25000E+01
 -1       405 3.87232E+01 5.79534E+01 3.25000E+01
 -1       406 2.49605E+01 4.66977E+01 3.25000E+01
 -1       407 2.59474E+01 4.85443E+01 3.25000E+01
 -1       408 2.69344E+01 5.03908E+01 3.25000E+01
 -1       409 2.79214E+01 5.22373E+01 3.25000E+01
 -1       410 2.89084E+01 5.40838E+01 3.25000E+01
 -1       411 2.98954E+01 5.59303E+01 3.25000E+01
 -1       412 3.08824E+01 5.77769E+01 3.25000E+01
 -1       413 3.18694E+01 5.96234E+01 3.25000E+01
 -1       414 3.28564E+01 6.14699E+01 3.25000E+01
 -1       415 2.02631E+01 4.89194E+01 3.25000E+01
 -1       416 2.10643E+01 5.08538E+01 3.25000E+01
 -1       417 2.18656E+01 5.27882E+01 3.25000E+01
 -1       418 2.26668E+01 5.47225E+01 3.25000E+01
 -1       419 2.34681E+01 5.66569E+01 3.25000E+01
 -1       420 2.42693E+01 5.85913E+01 3.25000E+01
 -1       421 2.50705E+01 6.05257E+01 3.25000E+01
 -1       422 2.58718E+01 6.24600E+01 3.25000E+01
 -1       423 2.66730E+01 6.43944E+01 3.25000E+01
 -1       424 1.53706E+01 5.06700E+01 3.25000E+01
 -1       425 1.59784E+01 5.26736E+01 3.25000E+01
 -1       426 1.65861E+01 5.46772E+01 3.25000E+01
 -1       427 1.71939E+01 5.66808E+01 3.25000E+01
 -1       428 1.78017E+01 5.86844E+01 3.25000E+01
 -1       429 1.84095E+01 6.06880E+01 3.25000E+01
 -1       430 1.90173E+01 6.26916E+01 3.25000E+01
 -1       431 1.96251E+01 6.46951E+01 3.25000E+01
 -1       432 2.02328E+01 6.66987E+01 3.25000E+01
 -1       433 1.03300E+01 5.19326E+01 3.25000E+01
 -1       434 1.07385E+01 5.39861E+01 3.25000E+01
 -1       435 1.11470E+01 5.60396E+01 3.25000E+01
 -1       436 1.15554E+01 5.80931E+01 3.25000E+01
 -1       437 1.19639E+01 6.01467E+01 3.25000E+01
 -1       438 1.23724E+01 6.22002E+01 3.25000E+01
 -1       439 1.27809E+01 6.42537E+01 3.25000E+01
 -1       440 1.31893E+01 6.63072E+01 3.25000E+01
 -1       441 1.35978E+01 6.83607E+01 3.25000E+01
 -1       442 5.19001E+00 5.26950E+01 3.25000E+01
 -1       443 5.39523E+00 5.47787E+01 3.25000E+01
 -1       444 5.60045E+00 5.68624E+01 3.25000E+01
 -1       445 5.80568E+00 5.89460E+01 3.25000E+01
 -1       446 6.01090E+00 6.10297E+01 3.25000E+01
 -1       447 6.21613E+00 6.31134E+01 3.25000E+01
 -1       448 6.42135E+00 6.51970E+01 3.25000E+01
 -1       449 6.62657E+00 6.72807E+01 3.25000E+01
 -1       450 6.83180E+00 6.93644E+01 3.25000E+01
 -1       451 0.00000E+00 5.29500E+01 3.25000E+01
 -1       452 0.00000E+00 5.50438E+01 3.25000E+01
 -1       453 0.00000E+00 5.71375E+01 3.25000E+01
 -1       454 0.00000E+00 5.92313E+01 3.25000E+01
 -1       455 0.00000E+00 6.13250E+01 3.25000E+01
 -1       456 0.00000E+00 6.34188E+01 3.25000E+01
 -1       457 0.00000E+00 6.55125E+01 3.25000E+01
 -1       458 0.00000E+00 6.76062E+01 3.25000E+01
 -1       459 0.00000E+00 6.97000E+01 3.25000E+01
 -1       460 5.29500E+01 0.00000E+00 4.87500E+01
 -1       461 5.50438E+01 0.00000E+00 4.87500E+01
 -1       462 5.71375E+01 0.00000E+00 4.87500E+01
 -1       463 5.92313E+01 0.00000E+00 4.87500E+01
 -1       464 6.13250E+01 0.00000E+00 4.87500E+01
 -1       465 6.34188E+01 0.00000E+00 4.87500E+01
 -1       466 6.55125E+01 0.00000E+00 4.87500E+01
 -1       467 6.76062E+01 0.00000E+00 4.87500E+01
 -1       468 6.97000E+01 0.00000E+00 4.87500E+01
 -1       469 5.26950E+01 5.19001E+00 4.87500E+01
 -1       470 5.47787E+01 5.39523E+00 4.87500E+01
 -1       471 5.68624E+01 5.60045E+00 4.87500E+01
 -1       472 5.89460E+01 5.80568E+00 4.87500E+01
 -1       473 6.10297E+01 6.01090E+00 4.87500E+01
 -1       474 6.31134E+01 6.21613E+00 4.87500E+01
 -1       475 6.51970E+01 6.42135E+00 4.87500E+01
 -1       476 6.72807E+01 6.62657E+00 4.87500E+01
 -1       477 6.93644E+01 6.83180E+00 4.87500E+01
 -1       478 5.19326E+01 1.03300E+01 4.87500E+01
 -1       479 5.39861E+01 1.07385E+01 4.87500E+01
 -1       480 5.60396E+01 1.11470E+01 4.87500E+01
 -1       481 5.80931E+01 1.15554E+01 4.87500E+01
 -1       482 6.01467E+01 1.19639E+01 4.87500E+01
 -1       483 6.22002E+01 1.23724E+01 4.87500E+01
 -1       484 6.42537E+01 1.27809E+01 4.87500E+01
 -1       485 6.63072E+01 1.31893E+01 4.87500E+01
 -1       486 6.83607E+01 1.35978E+01 4.87500E+01
 -1       487 5.06700E+01 1.53706E+01 4.87500E+01
 -1       488 5.26736E+01 1.59784E+01 4.87500E+01
 -1       489 5.46772E+01 1.65861E+01 4.87500E+01
 -1       490 5.66808E+01 1.71939E+01 4.87500E+01
 -1       491 5.86844E+01 1.78017E+01 4.87500E+01
 -1       492 6.06880E+01 1.84095E+01 4.87500E+01
 -1       493 6.26916E+01 1.90173E+01 4.87500E+01
 -1       494 6.46951E+01 1.96251E+01 4.87500E+01
 -1       495 6.66987E+01 2.02328E+01 4.87500E+01
 -1       496 4.89194E+01 2.02631E+01 4.87500E+01
 -1       497 5.08538E+01 2.10643E+01 4.87500E+01
 -1       498 5.27882E+01 2.18656E+01 4.87500E+01
 -1       499 5.47225E+01 2.26668E+01 4.87500E+01
 -1       500 5.66569E+01 2.34681E+01 4.87500E+01
 -1       501 5.85913E+01 2.42693E+01 4.87500E+01
 -1       502 6.05257E+01 2.50705E+01 4.87500E+01
 -1       503 6.24600E+01 2.58718E+01 4.87500E+01
 -1       504 6.43944E+01 2.66730E+01 4.87500E+01
 -1       505 4.66977E+01 2.49605E+01 4.87500E+01
 -1       506 4.85443E+01 2.59474E+01 4.87500E+01
 -1       507 5.03908E+01 2.69344E+01 4.87500E+01
 -1       508 5.22373E+01 2.79214E+01 4.87500E+01
 -1       509 5.40838E+01 2.89084E+01 4.87500E+01
 -1       510 5.59303E+01 2.98954E+01 4.87500E+01
 -1       511 5.77769E+01 3.08824E+01 4.87500E+01
 -1       512 5.96234E+01 3.18694E+01 4.87500E+01
 -1       513 6.14699E+01 3.28564E+01 4.87500E+01
 -1       514 4.40263E+01 2.94174E+01 4.87500E+01
 -1       515 4.57672E+01 3.05807E+01 4.87500E+01
 -1       516 4.75081E+01 3.17439E+01 4.87500E+01
 -1       517 4.92490E+01 3.29071E+01 4.87500E+01
 -1       518 5.09899E+01 3.40703E+01 4.87500E+01
 -1       519 5.27308E+01 3.52336E+01 4.87500E+01
 -1       520 5.44717E+01 3.63968E+01 4.87500E+01
 -1       521 5.62125E+01 3.75600E+01 4.87500E+01
 -1       522 5.79534E+01 3.87232E+01 4.87500E+01
 -1       523 4.09309E+01 3.35911E+01 4.87500E+01
 -1       524 4.25494E+01 3.49194E+01 4.87500E+01
 -1       525 4.41679E+01 3.62476E+01 4.87500E+01
 -1       526 4.57864E+01 3.75759E+01 4.87500E+01
 -1       527 4.74049E+01 3.89042E+01 4.87500E+01
 -1       528 4.90234E+01 4.02324E+01 4.87500E+01
 -1       529 5.06418E+01 4.15607E+01 4.87500E+01
 -1       530 5.22603E+01 4.28890E+01 4.87500E+01
 -1       531 5.38788E+01 4.42172E+01 4.87500E+01
 -1       532 3.74413E+01 3.74413E+01 4.87500E+01
 -1       533 3.89218E+01 3.89218E+01 4.87500E+01
 -1       534 4.04023E+01 4.04023E+01 4.87500E+01
 -1       535 4.18828E+01 4.18828E+01 4.87500E+01
 -1       536 4.33633E+01 4.33633E+01 4.87500E+01
 -1       537 4.48438E+01 4.48438E+01 4.87500E+01
 -1       538 4.63243E+01 4.63243E+01 4.87500E+01
 -1       539 4.78048E+01 4.78048E+01 4.87500E+01
 -1       540 4.92853E+01 4.92853E+01 4.87500E+01
 -1       541 3.35911E+01 4.09309E+01 4.87500E+01
 -1       542 3.49194E+01 4.25494E+01 4.87500E+01
 -1       543 3.62476E+01 4.41679E+01 4.87500E+01
 -1       544 3.75759E+01 4.57864E+01 4.87500E+01
 -1       545 3.89042E+01 4.74049E+01 4.87500E+01
 -1       546 4.02324E+01 4.90234E+01 4.87500E+01
 -1       547 4.15607E+01 5.06418E+01 4.87500E+01
 -1       548 4.28890E+01 5.22603E+01 4.87500E+01
 -1       549 4.42172E+01 5.38788E+01 4.87500E+01
 -1       550 2.94174E+01 4.40263E+01 4.87500E+01
 -1       551 3.05807E+01 4.57672E+01 4.87500E+01
 -1       552 3.17439E+01 4.75081E+01 4.87500E+01
 -1       553 3.29071E+01 4.92490E+01 4.87500E+01
 -1       554 3.40703E+01 5.09899E+01 4.87500E+01
 -1       555 3.52336E+01 5.27308E+01 4.87500E+01
 -1       556 3.63968E+01 5.44717E+01 4.87500E+01
 -1       557 3.75600E+01 5.62125E+01 4.87500E+01
 -1       558 3.87232E+01 5.79534E+01 4.87500E+01
 -1       559 2.49605E+01 4.66977E+01 4.87500E+01
 -1       560 2.59474E+01 4.85443E+01 4.87500E+01
 -1       561 2.69344E+01 5.03908E+01 4.87500E+01
 -1       562 2.79214E+01 5.22373E+01 4.87500E+01
 -1       563 2.89084E+01 5.40838E+01 4.87500E+01
 -1       564 2.98954E+01 5.59303E+01 4.87500E+01
 -1       565 3.08824E+01 5.77769E+01 4.87500E+01
 -1       566 3.18694E+01 5.96234E+01 4.87500E+01
 -1       567 3.28564E+01 6.14699E+01 4.87500E+01
 -1       568 2.02631E+01 4.89194E+01 4.87500E+01
 -1       569 2.10643E+01 5.08538E+01 4.87500E+01
 -1       570 2.18656E+01 5.27882E+01 4.87500E+01
 -1       571 2.26668E+01 5.47225E+01 4.87500E+01
 -1       572 2.34681E+01 5.66569E+01 4.87500E+01
 -1       573 2.42693E+01 5.85913E+01 4.87500E+01
 -1       574 2.50705E+01 6.05257E+01 4.87500E+01
 -1       575 2.58718E+01 6.24600E+01 4.87500E+01
 -1       576 2.66730E+01 6.43944E+01 4.87500E+01
 -1       577 1.53706E+01 5.06700E+01 4.87500E+01
 -1       578 1.59784E+01 5.26736E+01 4.87500E+01
 -1       579 1.65861E+01 5.46772E+01 4.87500E+01
 -1       580 1.71939E+01 5.66808E+01 4.87500E+01
 -1       581 1.78017E+01 5.86844E+01 4.87500E+01
 -1       582 1.84095E+01 6.06880E+01 4.87500E+01
 -1       583 1.90173E+01 6.26916E+01 4.87500E+01
 -1       584 1.96251E+01 6.46951E+01 4.87500E+01
 -1       585 2.02328E+01 6.66987E+01 4.87500E+01
 -1       586 1.03300E+01 5.19326E+01 4.87500E+01
 -1       587 1.07385E+01 5.39861E+01 4.87500E+01
 -1       588 1.11470E+01 5.60396E+01 4.87500E+01
 -1       589 1.15554E+01 5.80931E+01 4.87500E+01
 -1       590 1.19639E+01 6.01467E+01 4.87500E+01
 -1       591 1.23724E+01 6.22002E+01 4.87500E+01
 -1       592 1.27809E+01 6.42537E+01 4.87500E+01
 -1       593 1.31893E+01 6.63072E+01 4.87500E+01
 -1       594 1.35978E+01 6.83607E+01 4.87500E+01
 -1       595 5.19001E+00 5.26950E+01 4.87500E+01
 -1       596 5.39523E+00 5.47787E+01 4.87500E+01
 -1       597 5.60045E+00 5.68624E+01 4.87500E+01
 -1       598 5.80568E+00 5.89460E+01 4.87500E+01
 -1       599 6.01090E+00 6.10297E+01 4.87500E+01
 -1       600 6.21613E+00 6.31134E+01 4.87500E+01
 -1       601 6.42135E+00 6.51970E+01 4.87500E+01
 -1       602 6.62657E+00 6.72807E+01 4.87500E+01
 -1       603 6.83180E+00 6.93644E+01 4.87500E+01
 -1       604 0.00000E+00 5.29500E+01 4.87500E+01
 -1       605 0.00000E+00 5.50438E+01 4.87500E+01
 -1       606 0.00000E+00 5.71375E+01 4.87500E+01
 -1       607 0.00000E+00 5.92313E+01 4.87500E+01
 -1       608 0.00000E+00 6.13250E+01 4.87500E+01
 -1       609 0.00000E+00 6.34188E+01 4.87500E+01
 -1       610 0.00000E+00 6.55125E+01 4.87500E+01
 -1       611 0.00000E+00 6.76062E+01 4.87500E+01
 -1       612 0.00000E+00 6.97000E+01 4.87500E+01
 -1       613 5.29500E+01 0.00000E+00 6.50000E+01
 -1       614 5.50438E+01 0.00000E+00 6.50000E+01
 -1       615 5.71375E+01 0.00000E+00 6.50000E+01
 -1       616 5.92313E+01 0.00000E+00 6.50000E+01
 -1       617 6.13250E+01 0.00000E+00 6.50000E+01
 -1       618 6.34188E+01 0.00000E+00 6.50000E+01
 -1       619 6.55125E+01 0.00000E+00 6.50000E+01
 -1       620 6.76062E+01 0.00000E+00 6.50000E+01
 -1       621 6.97000E+01 0.00000E+00 6.50000E+01
 -1       622 5.26950E+01 5.19001E+00 6.50000E+01
 -1       623 5.47787E+01 5.39523E+00 6.50000E+01
 -1       624 5.68624E+01 5.60045E+00 6.50000E+01
 -1       625 5.89460E+01 5.80568E+00 6.50000E+01
 -1       626 6.10297E+01 6.01090E+00 6.50000E+01
 -1       627 6.31134E+01 6.21613E+00 6.50000E+01
 -1       628 6.51970E+01 6.42135E+00 6.50000E+01
 -1       629 6.72807E+01 6.62657E+00 6.50000E+01
 -1       630 6.93644E+01 6.83180E+00 6.50000E+01
 -1       631 5.19326E+01 1.03300E+01 6.50000E+01
 -1       632 5.39861E+01 1.07385E+01 6.50000E+01
 -1       633 5.60396E+01 1.11470E+01 6.50000E+01
 -1       634 5.80931E+01 1.15554E+01 6.50000E+01
 -1       635 6.01467E+01 1.19639E+01 6.50000E+01
 -1       636 6.22002E+01 1.23724E+01 6.50000E+01
 -1       637 6.42537E+01 1.27809E+01 6.50000E+01
 -1       638 6.63072E+01 1.31893E+01 6.50000E+01
 -1       639 6.83607E+01 1.35978E+01 6.50000E+01
 -1       640 5.06700E+01 1.53706E+01 6.50000E+01
 -1       641 5.26736E+01 1.59784E+01 6.50000E+01
 -1       642 5.46772E+01 1.65861E+01 6.50000E+01
 -1       643 5.66808E+01 1.71939E+01 6.50000E+01
 -1       644 5.86844E+01 1.78017E+01 6.50000E+01
 -1       645 6.06880E+01 1.84095E+01 6.50000E+01
 -1       646 6.26916E+01 1.90173E+01 6.50000E+01
 -1       647 6.46951E+01 1.96251E+01 6.50000E+01
 -1       648 6.66987E+01 2.02328E+01 6.50000E+01
 -1       649 4.89194E+01 2.02631E+01 6.50000E+01
 -1       650 5.08538E+01 2.10643E+01 6.50000E+01
 -1       651 5.27882E+01 2.18656E+01 6.50000E+01
 -1       652 5.47225E+01 2.26668E+01 6.50000E+01
 -1       653 5.66569E+01 2.34681E+01 6.50000E+01
 -1       654 5.85913E+01 2.42693E+01 6.50000E+01
 -1       655 6.05257E+01 2.50705E+01 6.50000E+01
 -1       656 6.24600E+01 2.58718E+01 6.50000E+01
 -1       657 6.43944E+01 2.66730E+01 6.50000E+01
 -1       658 4.66977E+01 2.49605E+01 6.50000E+01
 -1       659 4.85443E+01 2.59474E+01 6.50000E+01
 -1       660 5.03908E+01 2.69344E+01 6.50000E+01
 -1       661 5.22373E+01 2.79214E+01 6.50000E+01
 -1       662 5.40838E+01 2.89084E+01 6.50000E+01
 -1       663 5.59303E+01 2.98954E+01 6.50000E+01
 -1       664 5.77769E+01 3.08824E+01 6.50000E+01
 -1       665 5.96234E+01 3.18694E+01 6.50000E+01
 -1       666 6.14699E+01 3.28564E+01 6.50000E+01
 -1       667 4.40263E+01 2.94174E+01 6.50000E+01
 -1       668 4.57672E+01 3.05807E+01 6.50000E+01
 -1       669 4.75081E+01 3.17439E+01 6.50000E+01
 -1       670 4.92490E+01 3.29071E+01 6.50000E+01
 -1       671 5.09899E+01 3.40703E+01 6.50000E+01
 -1       672 5.27308E+01 3.52336E+01 6.50000E+01
 -1       673 5.44717E+01 3.63968E+01 6.50000E+01
 -1       674 5.62125E+01 3.75600E+01 6.50000E+01
 -1       675 5.79534E+01 3.87232E+01 6.50000E+01
 -1       676 4.09309E+01 3.35911E+01 6.50000E+01
 -1       677 4.25494E+01 3.49194E+01 6.50000E+01
 -1       678 4.41679E+01 3.62476E+01 6.50000E+01
 -1       679 4.57864E+01 3.75759E+01 6.50000E+01
 -1       680 4.74049E+01 3.89042E+01 6.50000E+01
 -1       681 4.90234E+01 4.02324E+01 6.50000E+01
 -1       682 5.06418E+01 4.15607E+01 6.50000E+01
 -1       683 5.22603E+01 4.28890E+01 6.50000E+01
 -1       684 5.38788E+01 4.42172E+01 6.50000E+01
 -1       685 3.74413E+01 3.74413E+01 6.50000E+01
 -1       686 3.89218E+01 3.89218E+01 6.50000E+01
 -1       687 4.04023E+01 4.04023E+01 6.50000E+01
 -1       688 4.18828E+01 4.18828E+01 6.50000E+01
 -1       689 4.33633E+01 4.33633E+01 6.50000E+01
 -1       690 4.48438E+01 4.48438E+01 6.50000E+01
 -1       691 4.63243E+01 4.63243E+01 6.50000E+01
 -1       692 4.78048E+01 4.78048E+01 6.50000E+01
 -1       693 4.92853E+01 4.92853E+01 6.50000E+01
 -1       694 3.35911E+01 4.09309E+01 6.50000E+01
 -1       695 3.49194E+01 4.25494E+01 6.50000E+01
 -1       696 3.62476E+01 4.41679E+01 6.50000E+01
 -1       697 3.75759E+01 4.57864E+01 6.50000E+01
 -1       698 3.89042E+01 4.74049E+01 6.50000E+01
 -1       699 4.02324E+01 4.90234E+01 6.50000E+01
 -1       700 4.15607E+01 5.06418E+01 6.50000E+01
 -1       701 4.28890E+01 5.22603E+01 6.50000E+01
 -1       702 4.42172E+01 5.38788E+01 6.50000E+01
 -1       703 2.94174E+01 4.40263E+01 6.50000E+01
 -1       704 3.05807E+01 4.57672E+01 6.50000E+01
 -1       705 3.17439E+01 4.75081E+01 6.50000E+01
 -1       706 3.29071E+01 4.92490E+01 6.50000E+01
 -1       707 3.40703E+01 5.09899E+01 6.50000E+01
 -1       708 3.52336E+01 5.27308E+01 6.50000E+01
 -1       709 3.63968E+01 5.44717E+01 6.50000E+01
 -1       710 3.75600E+01 5.62125E+01 6.50000E+01
 -1       711 3.87232E+01 5.79534E+01 6.50000E+01
 -1       712 2.49605E+01 4.66977E+01 6.50000E+01
 -1       713 2.59474E+01 4.85443E+01 6.50000E+01
 -1       714 2.69344E+01 5.03908E+01 6.50000E+01
 -1       715 2.79214E+01 5.22373E+01 6.50000E+01
 -1       716 2.89084E+01 5.40838E+01 6.50000E+01
 -1       717 2.98954E+01 5.59303E+01 6.50000E+01
 -1       718 3.08824E+01 5.77769E+01 6.50000E+01
 -1       719 3.18694E+01 5.96234E+01 6.50000E+01
 -1       720 3.28564E+01 6.14699E+01 6.50000E+01
 -1       721 2.02631E+01 4.89194E+01 6.50000E+01
 -1       722 2.10643E+01 5.08538E+01 6.50000E+01
 -1       723 2.18656E+01 5.27882E+01 6.50000E+01
 -1       724 2.26668E+01 5.47225E+01 6.50000E+01
 -1       725 2.34681E+01 5.66569E+01 6.50000E+01
 -1       726 2.42693E+01 5.85913E+01 6.50000E+01
 -1       727 2.50705E+01 6.05257E+01 6.50000E+01
 -1       728 2.58718E+01 6.24600E+01 6.50000E+01
 -1       729 2.66730E+01 6.43944E+01 6.50000E+01
 -1       730 1.53706E+01 5.06700E+01 6.50000E+01
 -1       731 1.59784E+01 5.26736E+01 6.50000E+01
 -1       732 1.65861E+01 5.46772E+01 6.50000E+01
 -1       733 1.71939E+01 5.66808E+01 6.50000E+01
 -1       734 1.78017E+01 5.86844E+01 6.50000E+01
 -1       735 1.84095E+01 6.06880E+01 6.50000E+01
 -1       736 1.90173E+01 6.26916E+01 6.50000E+01
 -1       737 1.96251E+01 6.46951E+01 6.50000E+01
 -1       738 2.02328E+01 6.66987E+01 6.50000E+01
 -1       739 1.03300E+01 5.19326E+01 6.50000E+01
 -1       740 1.07385E+01 5.39861E+01 6.50000E+01
 -1       741 1.11470E+01 5.60396E+01 6.50000E+01
 -1       742 1.15554E+01 5.80931E+01 6.50000E+01
 -1       743 1.19639E+01 6.01467E+01 6.50000E+01
 -1       744 1.23724E+01 6.22002E+01 6.50000E+01
 -1       745 1.27809E+01 6.42537E+01 6.50000E+01
 -1       746 1.31893E+01 6.63072E+01 6.50000E+01
 -1       747 1.35978E+01 6.83607E+01 6.50000E+01
 -1       748 5.19001E+00 5.26950E+01 6.50000E+01
 -1       749 5.39523E+00 5.47787E+01 6.50000E+01
 -1       750 5.60045E+00 5.68624E+01 6.50000E+01
 -1       751 5.80568E+00 5.89460E+01 6.50000E+01
 -1       752 6.01090E+00 6.10297E+01 6.50000E+01
 -1       753 6.21613E+00 6.31134E+01 6.50000E+01
 -1       754 6.42135E+00 6.51970E+01 6.50000E+01
 -1       755 6.62657E+00 6.72807E+01 6.50000E+01
 -1       756 6.83180E+00 6.93644E+01 6.50000E+01
 -1       757 0.00000E+00 5.29500E+01 6.50000E+01
 -1       758 0.00000E+00 5.50438E+01 6.50000E+01
 -1       759 0.00000E+00 5.71375E+01 6.50000E+01
 -1       760 0.00000E+00 5.92313E+01 6.50000E+01
 -1       761 0.00000E+00 6.13250E+01 6.50000E+01
 -1       762 0.00000E+00 6.34188E+01 6.50000E+01
 -1       763 0.00000E+00 6.55125E+01 6.50000E+01
 -1       764 0.00000E+00 6.76062E+01 6.50000E+01
 -1       765 0.00000E+00 6.97000E+01 6.50000E+01
 -3
    3C                           512                                     1
 -1         1    1    0    1
 -2         1         2        11        10       154       155       164       163
 -1         2    1    0    1
 -2         2         3        12        11       155       156       165       164
 -1         3    1    0    1
 -2         3         4        13        12       156       157       166       165
 -1         4    1    0    1
 -2         4         5        14        13       157       158       167       166
 -1         5    1    0    1
 -2         5         6        15        14       158       159       168       167
 -1         6    1    0    1
 -2         6         7        16        15       159       160       169       168
 -1         7    1    0    1
 -2         7         8        17        16       160       161       170       169
 -1         8    1    0    1
 -2         8         9        18        17       161       162       171       170
 -1         9    1    0    1
 -2        10        11        20        19       163       164       173       172
 -1        10    1    0    1
 -2        11        12        21        20       164       165       174       173
 -1        11    1    0    1
 -2        12        13        22        21       165       166       175       174
 -1        12    1    0    1
 -2        13        14        23        22       166       167       176       175
 -1        13    1    0    1
 -2        14        15        24        23       167       168       177       176
 -1        14    1    0    1
 -2        15        16        25        24       168       169       178       177
 -1        15    1    0    1
 -2        16        17        26        25       169       170       179       178
 -1        16    1    0    1
 -2        17        18        27        26       170       171       180       179
 -1        17    1    0    1
 -2        19        20        29        28       172       173       182       181
 -1        18    1    0    1
 -2        20        21        30        29       173       174       183       182
 -1        19    1    0    1
 -2        21        22        31        30       174       175       184       183
 -1        20    1    0    1
 -2        22        23        32        31       175       176       185       184
 -1        21    1    0    1
 -2        23        24        33        32       176       177       186       185
 -1        22    1    0    1
 -2        24        25        34        33       177       178       187       186
 -1        23    1    0    1
 -2        25        26        35        34       178       179       188       187
 -1        24    1    0    1
 -2        26        27        36        35       179       180       189       188
 -1        25    1    0    1
 -2        28        29        38        37       181       182       191       190
 -1        26    1    0    1
 -2        29        30        39        38       182       183       192       191
 -1        27    1    0    1
 -2        30        31        40        39       183       184       193       192
 -1        28    1    0    1
 -2        31        32        41        40       184       185       194       193
 -1        29    1    0    1
 -2        32        33        42        41       185       186       195       194
 -1        30    1    0    1
 -2        33        34        43        42       186       187       196       195
 -1        31    1    0    1
 -2        34        35        44        43       187       188       197       196
 -1        32    1    0    1
 -2        35        36        45        44       188       189       198       197
 -1        33    1    0    1
 -2        37        38        47        46       190       191       200       199
 -1        34    1    0    1
 -2        38        39        48        47       191       192       201       200
 -1        35    1    0    1
 -2        39        40        49        48       192       193       202       201
 -1        36    1    0    1
 -2        40        41        50        49       193       194       203       202
 -1        37    1    0    1
 -2        41        42        51        50       194       195       204       203
 -1        38    1    0    1
 -2        42        43        52        51       195       196       205       204
 -1        39    1    0    1
 -2        43        44        53        52       196       197       206       205
 -1        40    1    0    1
 -2        44        45        54        53       197       198       207       206
 -1        41    1    0    1
 -2        46        47        56        55       199       200       209       208
 -1        42    1    0    1
 -2        47        48        57        56       200       201       210       209
 -1        43    1    0    1
 -2        48        49        58        57       201       202       211       210
 -1        44    1    0    1
 -2        49        50        59        58       202       203       212       211
 -1        45    1    0    1
 -2        50        51        60        59       203       204       213       212
 -1        46    1    0    1
 -2        51        52        61        60       204       205       214       213
 -1        47    1    0    1
 -2        52        53        62        61       205       206       215       214
 -1        48    1    0    1
 -2        53        54        63        62       206       207       216       215
 -1        49    1    0    1
 -2        55        56        65        64       208       209       218       217
 -1        50    1    0    1
 -2        56        57        66        65       209       210       219       218
 -1        51    1    0    1
 -2        57        58        67        66       210       211       220       219
 -1        52    1    0    1
 -2        58        59        68        67       211       212       221       220
 -1        53    1    0    1
 -2        59        60        69        68       212       213       222       221
 -1        54    1    0    1
 -2        60        61        70        69       213       214       223       222
 -1        55    1    0    1
 -2        61        62        71        70       214       215       224       223
 -1        56    1    0    1
 -2        62        63        72        71       215       216       225       224
 -1        57    1    0    1
 -2        64        65        74        73       217       218       227       226
 -1        58    1    0    1
 -2        65        66        75        74       218       219       228       227
 -1        59    1    0    1
 -2        66        67        76        75       219       220       229       228
 -1        60    1    0    1
 -2        67        68        77        76       220       221       230       229
 -1        61    1    0    1
 -2        68        69        78        77       221       222       231       230
 -1        62    1    0    1
 -2        69        70        79        78       222       223       232       231
 -1        63    1    0    1
 -2        70        71        80        79       223       224       233       232
 -1        64    1    0    1
 -2        71        72        81        80       224       225       234       233
 -1        65    1    0    1
 -2        73        74        83        82       226       227       236       235
 -1        66    1    0    1
 -2        74        75        84        83       227       228       237       236
 -1        67    1    0    1
 -2        75        76        85        84       228       229       238       237
 -1        68    1    0    1
 -2        76        77        86        85       229       230       239       238
 -1        69    1    0    1
 -2        77        78        87        86       230       231       240       239
 -1        70    1    0    1
 -2        78        79        88        87       231       232       241       240
 -1        71    1    0    1
 -2        79        80        89        88       232       233       242       241
 -1        72    1    0    1
 -2        80        81        90        89       233       234       243       242
 -1        73    1    0    1
 -2        82        83        92        91       235       236       245       244
 -1        74    1    0    1
 -2        83        84        93        92       236       237       246       245
 -1        75    1    0    1
 -2        84        85        94        93       237       238       247       246
 -1        76    1    0    1
 -2        85        86        95        94       238       239       248       247
 -1        77    1    0    1
 -2        86        87        96        95       239       240       249       248
 -1        78    1    0    1
 -2        87        88        97        96       240       241       250       249
 -1        79    1    0    1
 -2        88        89        98        97       241       242       251       250
 -1        80    1    0    1
 -2        89        90        99        98       242       243       252       251
 -1        81    1    0    1
 -2        91        92       101       100       244       245       254       253
 -1        82    1    0    1
 -2        92        93       102       101       245       246       255       254
 -1        83    1    0    1
 -2        93        94       103       102       246       247       256       255
 -1        84    1    0    1
 -2        94        95       104       103       247       248       257       256
 -1        85    1    0    1
 -2        95        96       105       104       248       249       258       257
 -1        86    1    0    1
 -2        96        97       106       105       249       250       259       258
 -1        87    1    0    1
 -2        97        98       107       106       250       251       260       259
 -1        88    1    0    1
 -2        98        99       108       107       251       252       261       260
 -1        89    1    0    1
 -2       100       101       110       109       253       254       263       262
 -1        90    1    0    1
 -2       101       102       111       110       254       255       264       263
 -1        91    1    0    1
 -2       102       103       112       111       255       256       265       264
 -1        92    1    0    1
 -2       103       104       113       112       256       257       266       265
 -1        93    1    0    1
 -2       104       105       114       113       257       258       267       266
 -1        94    1    0    1
 -2       105       106       115       114       258       259       268       267
 -1        95    1    0    1
 -2       106       107       116       115       259       260       269       268
 -1        96    1    0    1
 -2       107       108       117       116       260       261       270       269
 -1        97    1    0    1
 -2       109       110       119       118       262       263       272       271
 -1        98    1    0    1
 -2       110       111       120       119       263       264       273       272
 -1        99    1    0    1
 -2       111       112       121       120       264       265       274       273
 -1       100    1    0    1
 -2       112       113       122       121       265       266       275       274
 -1       101    1    0    1
 -2       113       114       123       122       266       267       276       275
 -1       102    1    0    1
 -2       114       115       124       123       267       268       277       276
 -1       103    1    0    1
 -2       115       116       125       124       268       269       278       277
 -1       104    1    0    1
 -2       116       117       126       125       269       270       279       278
 -1       105    1    0    1
 -2       118       119       128       127       271       272       281       280
 -1       106    1    0    1
 -2       119       120       129       128       272       273       282       281
 -1       107    1    0    1
 -2       120       121       130       129       273       274       283       282
 -1       108    1    0    1
 -2       121       122       131       130       274       275       284       283
 -1       109    1    0    1
 -2       122       123       132       131       275       276       285       284
 -1       110    1    0    1
 -2       123       124       133       132       276       277       286       285
 -1       111    1    0    1
 -2       124       125       134       133       277       278       287       286
 -1       112    1    0    1
 -2       125       126       135       134       278       279       288       287
 -1       113    1    0    1
 -2       127       128       137       136       280       281       290       289
 -1       114    1    0    1
 -2       128       129       138       137       281       282       291       290
 -1       115    1    0    1
 -2       129       130       139       138       282       283       292       291
 -1       116    1    0    1
 -2       130       131       140       139       283       284       293       292
 -1       117    1    0    1
 -2       131       132       141       140       284       285       294       293
 -1       118    1    0    1
 -2       132       133       142       141       285       286       295       294
 -1       119    1    0    1
 -2       133       134       143       142       286       287       296       295
 -1       120    1    0    1
 -2       134       135       144       143       287       288       297       296
 -1       121    1    0    1
 -2       136       137       146       145       289       290       299       298
 -1       122    1    0    1
 -2       137       138       147       146       290       291       300       299
 -1       123    1    0    1
 -2       138       139       148       147       291       292       301       300
 -1       124    1    0    1
 -2       139       140       149       148       292       293       302       301
 -1       125    1    0    1
 -2       140       141       150       149       293       294       303       302
 -1       126    1    0    1
 -2       141       142       151       150       294       295       304       303
 -1       127    1    0    1
 -2       142       143       152       151       295       296       305       304
 -1       128    1    0    1
 -2       143       144       153       152       296       297       306       305
 -1       129    1    0    1
 -2       154       155       164       163       307       308       317       316
 -1       130    1    0    1
 -2       155       156       165       164       308       309       318       317
 -1       131    1    0    1
 -2       156       157       166       165       309       310       319       318
 -1       132    1    0    1
 -2       157       158       167       166       310       311       320       319
 -1       133    1    0    1
 -2       158       159       168       167       311       312       321       320
 -1       134    1    0    1
 -2       159       160       169       168       312       313       322       321
 -1       135    1    0    1
 -2       160       161       170       169       313       314       323       322
 -1       136    1    0    1
 -2       161       162       171       170       314       315       324       323
 -1       137    1    0    1
 -2       163       164       173       172       316       317       326       325
 -1       138    1    0    1
 -2       164       165       174       173       317       318       327       326
 -1       139    1    0    1
 -2       165       166       175       174       318       319       328       327
 -1       140    1    0    1
 -2       166       167       176       175       319       320       329       328
 -1       141    1    0    1
 -2       167       168       177       176       320       321       330       329
 -1       142    1    0    1
 -2       168       169       178       177       321       322       331       330
 -1       143    1    0    1
 -2       169       170       179       178       322       323       332       331
 -1       144    1    0    1
 -2       170       171       180       179       323       324       333       332
 -1       145    1    0    1
 -2       172       173       182       181       325       326       335       334
 -1       146    1    0    1
 -2       173       174       183       182       326       327       336       335
 -1       147    1    0    1
 -2       174       175       184       183       327       328       337       336
 -1       148    1    0    1
 -2       175       176       185       184       328       329       338       337
 -1       149    1    0    1
 -2       176       177       186       185       329       330       339       338
 -1       150    1    0    1
 -2       177       178       187       186       330       331       340       339
 -1       151    1    0    1
 -2       178       179       188       187       331       332       341       340
 -1       152    1    0    1
 -2       179       180       189       188       332       333       342       341
 -1       153    1    0    1
 -2       181       182       191       190       334       335       344       343
 -1       154    1    0    1
 -2       182       183       192       191       335       336       345       344
 -1       155    1    0    1
 -2       183       184       193       192       336       337       346       345
 -1       156    1    0    1
 -2       184       185       194       193       337       338       347       346
 -1       157    1    0    1
 -2       185       186       195       194       338       339       348       347
 -1       158    1    0    1
 -2       186       187       196       195       339       340       349       348
 -1       159    1    0    1
 -2       187       188       197       196       340       341       350       349
 -1       160    1    0    1
 -2       188       189       198       197       341       342       351       350
 -1       161    1    0    1
 -2       190       191       200       199       343       344       353       352
 -1       162    1    0    1
 -2       191       192       201       200       344       345       354       353
 -1       163    1    0    1
 -2       192       193       202       201       345       346       355       354
 -1       164    1    0    1
 -2       193       194       203       202       346       347       356       355
 -1       165    1    0    1
 -2       194       195       204       203       347       348       357       356
 -1       166    1    0    1
 -2       195       196       205       204       348       349       358       357
 -1       167    1    0    1
 -2       196       197       206       205       349       350       359       358
 -1       168    1    0    1
 -2       197       198       207       206       350       351       360       359
 -1       169    1    0    1
 -2       199       200       209       208       352       353       362       361
 -1       170    1    0    1
 -2       200       201       210       209       353       354       363       362
 -1       171    1    0    1
 -2       201       202       211       210       354       355       364       363
 -1       172    1    0    1
 -2       202       203       212       211       355       356       365       364
 -1       173    1    0    1
 -2       203       204       213       212       356       357       366       365
 -1       174    1    0    1
 -2       204       205       214       213       357       358       367       366
 -1       175    1    0    1
 -2       205       206       215       214       358       359       368       367
 -1       176    1    0    1
 -2       206       207       216       215       359       360       369       368
 -1       177    1    0    1
 -2       208       209       218       217       361       362       371       370
 -1       178    1    0    1
 -2       209       210       219       218       362       363       372       371
 -1       179    1    0    1
 -2       210       211       220       219       363       364       373       372
 -1       180    1    0    1
 -2       211       212       221       220       364       365       374       373
 -1       181    1    0    1
 -2       212       213       222       221       365       366       375       374
 -1       182    1    0    1
 -2       213       214       223       222       366       367       376       375
 -1       183    1    0    1
 -2       214       215       224       223       367       368       377       376
 -1       184    1    0    1
 -2       215       216       225       224       368       369       378       377
 -1       185    1    0    1
 -2       217       218       227       226       370       371       380       379
 -1       186    1    0    1
 -2       218       219       228       227       371       372       381       380
 -1       187    1    0    1
 -2       219       220       229       228       372       373       382       381
 -1       188    1    0    1
 -2       220       221       230       229       373       374       383       382
 -1       189    1    0    1
 -2       221       222       231       230       374       375       384       383
 -1       190    1    0    1
 -2       222       223       232       231       375       376       385       384
 -1       191    1    0    1
 -2       223       224       233       232       376       377       386       385
 -1       192    1    0    1
 -2       224       225       234       233       377       378       387       386
 -1       193    1    0    1
 -2       226       227       236       235       379       380       389       388
 -1       194    1    0    1
 -2       227       228       237       236       380       381       390       389
 -1       195    1    0    1
 -2       228       229       238       237       381       382       391       390
 -1       196    1    0    1
 -2       229       230       239       238       382       383       392       391
 -1       197    1    0    1
 -2       230       231       240       239       383       384       393       392
 -1       198    1    0    1
 -2       231       232       241       240       384       385       394       393
 -1       199    1    0    1
 -2       232       233       242       241       385       386       395       394
 -1       200    1    0    1
 -2       233       234       243       242       386       387       396       395
 -1       201    1    0    1
 -2       235       236       245       244       388       389       398       397
 -1       202    1    0    1
 -2       236       237       246       245       389       390       399       398
 -1       203    1    0    1
 -2       237       238       247       246       390       391       400       399
 -1       204    1    0    1
 -2       238       239       248       247       391       392       401       400
 -1       205    1    0    1
 -2       239       240       249       248       392       393       402       401
 -1       206    1    0    1
 -2       240       241       250       249       393       394       403       402
 -1       207    1    0    1
 -2       241       242       251       250       394       395       404       403
 -1       208    1    0    1
 -2       242       243       252       251       395       396       405       404
 -1       209    1    0    1
 -2       244       245       254       253       397       398       407       406
 -1       210    1    0    1
 -2       245       246       255       254       398       399       408       407
 -1       211    1    0    1
 -2       246       247       256       255       399       400       409       408
 -1       212    1    0    1
 -2       247       248       257       256       400       401       410       409
 -1       213    1    0    1
 -2       248       249       258       257       401       402       411       410
 -1       214    1    0    1
 -2       249       250       259       258       402       403       412       411
 -1       215    1    0    1
 -2       250       251       260       259       403       404       413       412
 -1       216    1    0    1
 -2       251       252       261       260       404       405       414       413
 -1       217    1    0    1
 -2       253       254       263       262       406       407       416       415
 -1       218    1    0    1
 -2       254       255       264       263       407       408       417       416
 -1       219    1    0    1
 -2       255       256       265       264       408       409       418       417
 -1       220    1    0    1
 -2       256       257       266       265       409       410       419       418
 -1       221    1    0    1
 -2       257       258       267       266       410       411       420       419
 -1       222    1    0    1
 -2       258       259       268       267       411       412       421       420
 -1       223    1    0    1
 -2       259       260       269       268       412       413       422       421
 -1       224    1    0    1
 -2       260       261       270       269       413       414       423       422
 -1       225    1    0    1
 -2       262       263       272       271       415       416       425       424
 -1       226    1    0    1
 -2       263       264       273       272       416       417       426       425
 -1       227    1    0    1
 -2       264       265       274       273       417       418       427       426
 -1       228    1    0    1
 -2       265       266       275       274       418       419       428       427
 -1       229    1    0    1
 -2       266       267       276       275       419       420       429       428
 -1       230    1    0    1
 -2       267       268       277       276       420       421       430       429
 -1       231    1    0    1
 -2       268       269       278       277       421       422       431       430
 -1       232    1    0    1
 -2       269       270       279       278       422       423       432       431
 -1       233    1    0    1
 -2       271       272       281       280       424       425       434       433
 -1       234    1    0    1
 -2       272       273       282       281       425       426       435       434
 -1       235    1    0    1
 -2       273       274       283       282       426       427       436       435
 -1       236    1    0    1
 -2       274       275       284       283       427       428       437       436
 -1       237    1    0    1
 -2       275       276       285       284       428       429       438       437
 -1       238    1    0    1
 -2       276       277       286       285       429       430       439       438
 -1       239    1    0    1
 -2       277       278       287       286       430       431       440       439
 -1       240    1    0    1
 -2       278       279       288       287       431       432       441       440
 -1       241    1    0    1
 -2       280       281       290       289       433       434       443       442
 -1       242    1    0    1
 -2       281       282       291       290       434       435       444       443
 -1       243    1    0    1
 -2       282       283       292       291       435       436       445       444
 -1       244    1    0    1
 -2       283       284       293       292       436       437       446       445
 -1       245    1    0    1
 -2       284       285       294       293       437       438       447       446
 -1       246    1    0    1
 -2       285       286       295       294       438       439       448       447
 -1       247    1    0    1
 -2       286       287       296       295       439       440       449       448
 -1       248    1    0    1
 -2       287       288       297       296       440       441       450       449
 -1       249    1    0    1
 -2       289       290       299       298       442       443       452       451
 -1       250    1    0    1
 -2       290       291       300       299       443       444       453       452
 -1       251    1    0    1
 -2       291       292       301       300       444       445       454       453
 -1       252    1    0    1
 -2       292       293       302       301       445       446       455       454
 -1       253    1    0    1
 -2       293       294       303       302       446       447       456       455
 -1       254    1    0    1
 -2       294       295       304       303       447       448       457       456
 -1       255    1    0    1
 -2       295       296       305       304       448       449       458       457
 -1       256    1    0    1
 -2       296       297       306       305       449       450       459       458
 -1       257    1    0    1
 -2       307       308       317       316       460       461       470       469
 -1       258    1    0    1
 -2       308       309       318       317       461       462       471       470
 -1       259    1    0    1
 -2       309       310       319       318       462       463       472       471
 -1       260    1    0    1
 -2       310       311       320       319       463       464       473       472
 -1       261    1    0    1
 -2       311       312       321       320       464       465       474       473
 -1       262    1    0    1
 -2       312       313       322       321       465       466       475       474
 -1       263    1    0    1
 -2       313       314       323       322       466       467       476       475
 -1       264    1    0    1
 -2       314       315       324       323       467       468       477       476
 -1       265    1    0    1
 -2       316       317       326       325       469       470       479       478
 -1       266    1    0    1
 -2       317       318       327       326       470       471       480       479
 -1       267    1    0    1
 -2       318       319       328       327       471       472       481       480
 -1       268    1    0    1
 -2       319       320       329       328       472       473       482       481
 -1       269    1    0    1
 -2       320       321       330       329       473       474       483       482
 -1       270    1    0    1
 -2       321       322       331       330       474       475       484       483
 -1       271    1    0    1
 -2       322       323       332       331       475       476       485       484
 -1       272    1    0    1
 -2       323       324       333       332       476       477       486       485
 -1       273    1    0    1
 -2       325       326       335       334       478       479       488       487
 -1       274    1    0    1
 -2       326       327       336       335       479       480       489       488
 -1       275    1    0    1
 -2       327       328       337       336       480       481       490       489
 -1       276    1    0    1
 -2       328       329       338       337       481       482       491       490
 -1       277    1    0    1
 -2       329       330       339       338       482       483       492       491
 -1       278    1    0    1
 -2       330       331       340       339       483       484       493       492
 -1       279    1    0    1
 -2       331       332       341       340       484       485       494       493
 -1       280    1    0    1
 -2       332       333       342       341       485       486       495       494
 -1       281    1    0    1
 -2       334       335       344       343       487       488       497       496
 -1       282    1    0    1
 -2       335       336       345       344       488       489       498       497
 -1       283    1    0    1
 -2       336       337       346       345       489       490       499       498
 -1       284    1    0    1
 -2       337       338       347       346       490       491       500       499
 -1       285    1    0    1
 -2       338       339       348       347       491       492       501       500
 -1       286    1    0    1
 -2       339       340       349       348       492       493       502       501
 -1       287    1    0    1
 -2       340       341       350       349       493       494       503       502
 -1       288    1    0    1
 -2       341       342       351       350       494       495       504       503
 -1       289    1    0    1
 -2       343       344       353       352       496       497       506       505
 -1       290    1    0    1
 -2       344       345       354       353       497       498       507       506
 -1       291    1    0    1
 -2       345       346       355       354       498       499       508       507
 -1       292    1    0    1
 -2       346       347       356       355       499       500       509       508
 -1       293    1    0    1
 -2       347       348       357       356       500       501       510       509
 -1       294    1    0    1
 -2       348       349       358       357       501       502       511       510
 -1       295    1    0    1
 -2       349       350       359       358       502       503       512       511
 -1       296    1    0    1
 -2       350       351       360       359       503       504       513       512
 -1       297    1    0    1
 -2       352       353       362       361       505       506       515       514
 -1       298    1    0    1
 -2       353       354       363       362       506       507       516       515
 -1       299    1    0    1
 -2       354       355       364       363       507       508       517       516
 -1       300    1    0    1
 -2       355       356       365       364       508       509       518       517
 -1       301    1    0    1
 -2       356       357       366       365       509       510       519       518
 -1       302    1    0    1
 -2       357       358       367       366       510       511       520       519
 -1       303    1    0    1
 -2       358       359       368       367       511       512       521       520
 -1       304    1    0    1
 -2       359       360       369       368       512       513       522       521
 -1       305    1    0    1
 -2       361       362       371       370       514       515       524       523
 -1       306    1    0    1
 -2       362       363       372       371       515       516       525       524
 -1       307    1    0    1
 -2       363       364       373       372       516       517       526       525
 -1       308    1    0    1
 -2       364       365       374       373       517       518       527       526
 -1       309    1    0    1
 -2       365       366       375       374       518       519       528       527
 -1       310    1    0    1
 -2       366       367       376       375       519       520       529       528
 -1       311    1    0    1
 -2       367       368       377       376       520       521       530       529
 -1       312    1    0    1
 -2       368       369       378       377       521       522       531       530
 -1       313    1    0    1
 -2       370       371       380       379       523       524       533       532
 -1       314    1    0    1
 -2       371       372       381       380       524       525       534       533
 -1       315    1    0    1
 -2       372       373       382       381       525       526       535       534
 -1       316    1    0    1
 -2       373       374       383       382       526       527       536       535
 -1       317    1    0    1
 -2       374       375       384       383       527       528       537       536
 -1       318    1    0    1
 -2       375       376       385       384       528       529       538       537
 -1       319    1    0    1
 -2       376       377       386       385       529       530       539       538
 -1       320    1    0    1
 -2       377       378       387       386       530       531       540       539
 -1       321    1    0    1
 -2       379       380       389       388       532       533       542       541
 -1       322    1    0    1
 -2       380       381       390       389       533       534       543       542
 -1       323    1    0    1
 -2       381       382       391       390       534       535       544       543
 -1       324    1    0    1
 -2       382       383       392       391       535       536       545       544
 -1       325    1    0    1
 -2       383       384       393       392       536       537       546       545
 -1       326    1    0    1
 -2       384       385       394       393       537       538       547       546
 -1       327    1    0    1
 -2       385       386       395       394       538       539       548       547
 -1       328    1    0    1
 -2       386       387       396       395       539       540       549       548
 -1       329    1    0    1
 -2       388       389       398       397       541       542       551       550
 -1       330    1    0    1
 -2       389       390       399       398       542       543       552       551
 -1       331    1    0    1
 -2       390       391       400       399       543       544       553       552
 -1       332    1    0    1
 -2       391       392       401       400       544       545       554       553
 -1       333    1    0    1
 -2       392       393       402       401       545       546       555       554
 -1       334    1    0    1
 -2       393       394       403       402       546       547       556       555
 -1       335    1    0    1
 -2       394       395       404       403       547       548       557       556
 -1       336    1    0    1
 -2       395       396       405       404       548       549       558       557
 -1       337    1    0    1
 -2       397       398       407       406       550       551       560       559
 -1       338    1    0    1
 -2       398       399       408       407       551       552       561       560
 -1       339    1    0    1
 -2       399       400       409       408       552       553       562       561
 -1       340    1    0    1
 -2       400       401       410       409       553       554       563       562
 -1       341    1    0    1
 -2       401       402       411       410       554       555       564       563
 -1       342    1    0    1
 -2       402       403       412       411       555       556       565       564
 -1       343    1    0    1
 -2       403       404       413       412       556       557       566       565
 -1       344    1    0    1
 -2       404       405       414       413       557       558       567       566
 -1       345    1    0    1
 -2       406       407       416       415       559       560       569       568
 -1       346    1    0    1
 -2       407       408       417       416       560       561       570       569
 -1       347    1    0    1
 -2       408       409       418       417       561       562       571       570
 -1       348    1    0    1
 -2       409       410       419       418       562       563       572       571
 -1       349    1    0    1
 -2       410       411       420       419       563       564       573       572
 -1       350    1    0    1
 -2       411       412       421       420       564       565       574       573
 -1       351    1    0    1
 -2       412       413       422       421       565       566       575       574
 -1       352    1    0    1
 -2       413       414       423       422       566       567       576       575
 -1       353    1    0    1
 -2       415       416       425       424       568       569       578       577
 -1       354    1    0    1
 -2       416       417       426       425       569       570       579       578
 -1       355    1    0    1
 -2       417       418       427       426       570       571       580       579
 -1       356    1    0    1
 -2       418       419       428       427       571       572       581       580
 -1       357    1    0    1
 -2       419       420       429       428       572       573       582       581
 -1       358    1    0    1
 -2       420       421       430       429       573       574       583       582
 -1       359    1    0    1
 -2       421       422       431       430       574       575       584       583
 -1       360    1    0    1
 -2       422       423       432       431       575       576       585       584
 -1       361    1    0    1
 -2       424       425       434       433       577       578       587       586
 -1       362    1    0    1
 -2       425       426       435       434       578       579       588       587
 -1       363    1    0    1
 -2       426       427       436       435       579       580       589       588
 -1       364    1    0    1
 -2       427       428       437       436       580       581       590       589
 -1       365    1    0    1
 -2       428       429       438       437       581       582       591       590
 -1       366    1    0    1
 -2       429       430       439       438       582       583       592       591
 -1       367    1    0    1
 -2       430       431       440       439       583       584       593       592
 -1       368    1    0    1
 -2       431       432       441       440       584       585       594       593
 -1       369    1    0    1
 -2       433       434       443       442       586       587       596       595
 -1       370    1    0    1
 -2       434       435       444       443       587       588       597       596
 -1       371    1    0    1
 -2       435       436       445       444       588       589       598       597
 -1       372    1    0    1
 -2       436       437       446       445       589       590       599       598
 -1       373    1    0    1
 -2       437       438       447       446       590       591       600       599
 -1       374    1    0    1
 -2       438       439       448       447       591       592       601       600
 -1       375    1    0    1
 -2       439       440       449       448       592       593       602       601
 -1       376    1    0    1
 -2       440       441       450       449       593       594       603       602
 -1       377    1    0    1
 -2       442       443       452       451       595       596       605       604
 -1       378    1    0    1
 -2       443       444       453       452       596       597       606       605
 -1       379    1    0    1
 -2       444       445       454       453       597       598       607       606
 -1       380    1    0    1
 -2       445       446       455       454       598       599       608       607
 -1       381    1    0    1
 -2       446       447       456       455       599       600       609       608
 -1       382    1    0    1
 -2       447       448       457       456       600       601       610       609
 -1       383    1    0    1
 -2       448       449       458       457       601       602       611       610
 -1       384    1    0    1
 -2       449       450       459       458       602       603       612       611
 -1       385    1    0    1
 -2       460       461       470       469       613       614       623       622
 -1       386    1    0    1
 -2       461       462       471       470       614       615       624       623
 -1       387    1    0    1
 -2       462       463       472       471       615       616       625       624
 -1       388    1    0    1
 -2       463       464       473       472       616       617       626       625
 -1       389    1    0    1
 -2       464       465       474       473       617       618       627       626
 -1       390    1    0    1
 -2       465       466       475       474       618       619       628       627
 -1       391    1    0    1
 -2       466       467       476       475       619       620       629       628
 -1       392    1    0    1
 -2       467       468       477       476       620       621       630       629
 -1       393    1    0    1
 -2       469       470       479       478       622       623       632       631
 -1       394    1    0    1
 -2       470       471       480       479       623       624       633       632
 -1       395    1    0    1
 -2       471       472       481       480       624       625       634       633
 -1       396    1    0    1
 -2       472       473       482       481       625       626       635       634
 -1       397    1    0    1
 -2       473       474       483       482       626       627       636       635
 -1       398    1    0    1
 -2       474       475       484       483       627       628       637       636
 -1       399    1    0    1
 -2       475       476       485       484       628       629       638       637
 -1       400    1    0    1
 -2       476       477       486       485       629       630       639       638
 -1       401    1    0    1
 -2       478       479       488       487       631       632       641       640
 -1       402    1    0    1
 -2       479       480       489       488       632       633       642       641
 -1       403    1    0    1
 -2       480       481       490       489       633       634       643       642
 -1       404    1    0    1
 -2       481       482       491       490       634       635       644       643
 -1       405    1    0    1
 -2       482       483       492       491       635       636       645       644
 -1       406    1    0    1
 -2       483       484       493       492       636       637       646       645
 -1       407    1    0    1
 -2       484       485       494       493       637       638       647       646
 -1       408    1    0    1
 -2       485       486       495       494       638       639       648       647
 -1       409    1    0    1
 -2       487       488       497       496       640       641       650       649
 -1       410    1    0    1
 -2       488       489       498       497       641       642       651       650
 -1       411    1    0    1
 -2       489       490       499       498       642       643       652       651
 -1       412    1    0    1
 -2       490       491       500       499       643       644       653       652
 -1       413    1    0    1
 -2       491       492       501       500       644       645       654       653
 -1       414    1    0    1
 -2       492       493       502       501       645       646       655       654
 -1       415    1    0    1
 -2       493       494       503       502       646       647       656       655
 -1       416    1    0    1
 -2       494       495       504       503       647       648       657       656
 -1       417    1    0    1
 -2       496       497       506       505       649       650       659       658
 -1       418    1    0    1
 -2       497       498       507       506       650       651       660       659
 -1       419    1    0    1
 -2       498       499       508       507       651       652       661       660
 -1       420    1    0    1
 -2       499       500       509       508       652       653       662       661
 -1       421    1    0    1
 -2       500       501       510       509       653       654       663       662
 -1       422    1    0    1
 -2       501       502       511       510       654       655       664       663
 -1       423    1    0    1
 -2       502       503       512       511       655       656       665       664
 -1       424    1    0    1
 -2       503       504       513       512       656       657       666       665
 -1       425    1    0    1
 -2       505       506       515       514       658       659       668       667
 -1       426    1    0    1
 -2       506       507       516       515       659       660       669       668
 -1       427    1    0    1
 -2       507       508       517       516       660       661       670       669
 -1       428    1    0    1
 -2       508       509       518       517       661       662       671       670
 -1       429    1    0    1
 -2       509       510       519       518       662       663       672       671
 -1       430    1    0    1
 -2       510       511       520       519       663       664       673       672
 -1       431    1    0    1
 -2       511       512       521       520       664       665       674       673
 -1       432    1    0    1
 -2       512       513       522       521       665       666       675       674
 -1       433    1    0    1
 -2       514       515       524       523       667       668       677       676
 -1       434    1    0    1
 -2       515       516       525       524       668       669       678       677
 -1       435    1    0    1
 -2       516       517       526       525       669       670       679       678
 -1       436    1    0    1
 -2       517       518       527       526       670       671       680       679
 -1       437    1    0    1
 -2       518       519       528       527       671       672       681       680
 -1       438    1    0    1
 -2       519       520       529       528       672       673       682       681
 -1       439    1    0    1
 -2       520       521       530       529       673       674       683       682
 -1       440    1    0    1
 -2       521       522       531       530       674       675       684       683
 -1       441    1    0    1
 -2       523       524       533       532       676       677       686       685
 -1       442    1    0    1
 -2       524       525       534       533       677       678       687       686
 -1       443    1    0    1
 -2       525       526       535       534       678       679       688       687
 -1       444    1    0    1
 -2       526       527       536       535       679       680       689       688
 -1       445    1    0    1
 -2       527       528       537       536       680       681       690       689
 -1       446    1    0    1
 -2       528       529       538       537       681       682       691       690
 -1       447    1    0    1
 -2       529       530       539       538       682       683       692       691
 -1       448    1    0    1
 -2       530       531       540       539       683       684       693       692
 -1       449    1    0    1
 -2       532       533       542       541       685       686       695       694
 -1       450    1    0    1
 -2       533       534       543       542       686       687       696       695
 -1       451    1    0    1
 -2       534       535       544       543       687       688       697       696
 -1       452    1    0    1
 -2       535       536       545       544       688       689       698       697
 -1       453    1    0    1
 -2       536       537       546       545       689       690       699       698
 -1       454    1    0    1
 -2       537       538       547       546       690       691       700       699
 -1       455    1    0    1
 -2       538       539       548       547       691       692       701       700
 -1       456    1    0    1
 -2       539       540       549       548       692       693       702       701
 -1       457    1    0    1
 -2       541       542       551       550       694       695       704       703
 -1       458    1    0    1
 -2       542       543       552       551       695       696       705       704
 -1       459    1    0    1
 -2       543       544       553       552       696       697       706       705
 -1       460    1    0    1
 -2       544       545       554       553       697       698       707       706
 -1       461    1    0    1
 -2       545       546       555       554       698       699       708       707
 -1       462    1    0    1
 -2       546       547       556       555       699       700       709       708
 -1       463    1    0    1
 -2       547       548       557       556       700       701       710       709
 -1       464    1    0    1
 -2       548       549       558       557       701       702       711       710
 -1       465    1    0    1
 -2       550       551       560       559       703       704       713       712
 -1       466    1    0    1
 -2       551       552       561       560       704       705       714       713
 -1       467    1    0    1
 -2       552       553       562       561       705       706       715       714
 -1       468    1    0    1
 -2       553       554       563       562       706       707       716       715
 -1       469    1    0    1
 -2       554       555       564       563       707       708       717       716
 -1       470    1    0    1
 -2       555       556       565       564       708       709       718       717
 -1       471    1    0    1
 -2       556       557       566       565       709       710       719       718
 -1       472    1    0    1
 -2       557       558       567       566       710       711       720       719
 -1       473    1    0    1
 -2       559       560       569       568       712       713       722       721
 -1       474    1    0    1
 -2       560       561       570       569       713       714       723       722
 -1       475    1    0    1
 -2       561       562       571       570       714       715       724       723
 -1       476    1    0    1
 -2       562       563       572       571       715       716       725       724
 -1       477    1    0    1
 -2       563       564       573       572       716       717       726       725
 -1       478    1    0    1
 -2       564       565       574       573       717       718       727       726
 -1       479    1    0    1
 -2       565       566       575       574       718       719       728       727
 -1       480    1    0    1
 -2       566       567       576       575       719       720       729       728
 -1       481    1    0    1
 -2       568       569       578       577       721       722       731       730
 -1       482    1    0    1
 -2       569       570       579       578       722       723       732       731
 -1       483    1    0    1
 -2       570       571       580       579       723       724       733       732
 -1       484    1    0    1
 -2       571       572       581       580       724       725       734       733
 -1       485    1    0    1
 -2       572       573       582       581       725       726       735       734
 -1       486    1    0    1
 -2       573       574       583       582       726       727       736       735
 -1       487    1    0    1
 -2       574       575       584       583       727       728       737       736
 -1       488    1    0    1
 -2       575       576       585       584       728       729       738       737
 -1       489    1    0    1
 -2       577       578       587       586       730       731       740       739
 -1       490    1    0    1
 -2       578       579       588       587       731       732       741       740
 -1       491    1    0    1
 -2       579       580       589       588       732       733       742       741
 -1       492    1    0    1
 -2       580       581       590       589       733       734       743       742
 -1       493    1    0    1
 -2       581       582       591       590       734       735       744       743
 -1       494    1    0    1
 -2       582       583       592       591       735       736       745       744
 -1       495    1    0    1
 -2       583       584       593       592       736       737       746       745
 -1       496    1    0    1
 -2       584       585       594       593       737       738       747       746
 -1       497    1    0    1
 -2       586       587       596       595       739       740       749       748
 -1       498    1    0    1
 -2       587       588       597       596       740       741       750       749
 -1       499    1    0    1
 -2       588       589       598       597       741       742       751       750
 -1       500    1    0    1
 -2       589       590       599       598       742       743       752       751
 -1       501    1    0    1
 -2       590       591       600       599       743       744       753       752
 -1       502    1    0    1
 -2       591       592       601       600       744       745       754       753
 -1       503    1    0    1
 -2       592       593       602       601       745       746       755       754
 -1       504    1    0    1
 -2       593       594       603       602       746       747       756       755
 -1       505    1    0    1
 -2       595       596       605       604       748       749       758       757
 -1       506    1    0    1
 -2       596       597       606       605       749       750       759       758
 -1       507    1    0    1
 -2       597       598       607       606       750       751       760       759
 -1       508    1    0    1
 -2       598       599       608       607       751       752       761       760
 -1       509    1    0    1
 -2       599       600       609       608       752       753       762       761
 -1       510    1    0    1
 -2       600       601       610       609       753       754       763       762
 -1       511    1    0    1
 -2       601       602       611       610       754       755       764       763
 -1       512    1    0    1
 -2       602       603       612       611       755       756       765       764
 -3
 9999
