/*---------------------------------------------------------------------------*\
  =========                 |
  \\      /  F ield         | OpenFOAM: The Open Source CFD Toolbox
   \\    /   O peration     | Website:  https://openfoam.org
    \\  /    A nd           | Version:  14
     \\/     M anipulation  |
\*---------------------------------------------------------------------------*/
Build  : 14-b4f91ad8bbba
Exec   : blockMesh
Date   : Jul 31 2026
Time   : 19:07:37
Host   : "bd7125bbda05"
PID    : 192
I/O    : uncollated
Case   : //work
nProcs : 1
sigFpe : Floating point exception trapping - not supported on this platform
fileModificationChecking : Monitoring run-time modified files using timeStampMaster (fileModificationSkew 10)
allowSystemOperations : Allowing user-supplied system call operations

// * * * * * * * * * * * * * * * * * * * * * * * * * * * * * * * * * * * * * //
Create time

Reading "blockMeshDict"

Creating block mesh from
    "system/blockMeshDict"
No non-linear block edges defined
No non-planar block faces defined
Creating topology blocks
Creating topology patches

Creating block mesh topology

Basic statistics
    Number of internal faces : 0
    Number of boundary faces : 6
    Number of defined boundary faces : 6
    Number of undefined boundary faces : 0

Checking topology
Creating block offsets
Creating merge list .

Creating polyMesh from blockMesh
Creating points with scale 1
    Block 0 cell size :
        i : 0.00435 .. 0.00435
        j : 0.000668125 .. 0.000668125
        k : 0.000334 .. 0.000334
Creating cells
Creating patches

No patch pairs to merge

Writing polyMesh
----------------
Mesh Information
----------------
  boundingBox: (0 0 0) (0.174 0.005345 0.001336)
  nPoints: 1845
  nCells: 1280
  nFaces: 4352
  nInternalFaces: 3328
----------------
Patches
----------------
  patch 0 (start: 3328 size: 32) name: inlet
  patch 1 (start: 3360 size: 32) name: outlet
  patch 2 (start: 3392 size: 960) name: walls

End

