    1C
    1UR4 gradient thermal rpm=24000.0                                   
    1UUSER                                                              
    1UDATE              05.august.2026                                  
    1UTIME              09:05:37                                        
    1UHOST                                                              
    1UPGM               CalculiX                                        
    1UVERSION           Version 2.21                             
    1UCOMPILETIME       Sat Jul 29 10:52:01 CEST 2023                    
    1UDIR                                                               
    1UDBN                                                               
    1UMAT    1STEEL                                                     
    2C                            56                                     1
 -1         1 5.29500E+01 0.00000E+00 0.00000E+00
 -1         2 5.85333E+01 0.00000E+00 0.00000E+00
 -1         3 6.41167E+01 0.00000E+00 0.00000E+00
 -1         4 6.97000E+01 0.00000E+00 0.00000E+00
 -1         5 5.11458E+01 1.37045E+01 0.00000E+00
 -1         6 5.65389E+01 1.51495E+01 0.00000E+00
 -1         7 6.19319E+01 1.65946E+01 0.00000E+00
 -1         8 6.73250E+01 1.80397E+01 0.00000E+00
 -1         9 4.58560E+01 2.64750E+01 0.00000E+00
 -1        10 5.06914E+01 2.92667E+01 0.00000E+00
 -1        11 5.55267E+01 3.20583E+01 0.00000E+00
 -1        12 6.03620E+01 3.48500E+01 0.00000E+00
 -1        13 3.74413E+01 3.74413E+01 0.00000E+00
 -1        14 4.13893E+01 4.13893E+01 0.00000E+00
 -1        15 4.53373E+01 4.53373E+01 0.00000E+00
 -1        16 4.92853E+01 4.92853E+01 0.00000E+00
 -1        17 2.64750E+01 4.58560E+01 0.00000E+00
 -1        18 2.92667E+01 5.06914E+01 0.00000E+00
 -1        19 3.20583E+01 5.55267E+01 0.00000E+00
 -1        20 3.48500E+01 6.03620E+01 0.00000E+00
 -1        21 1.37045E+01 5.11458E+01 0.00000E+00
 -1        22 1.51495E+01 5.65389E+01 0.00000E+00
 -1        23 1.65946E+01 6.19319E+01 0.00000E+00
 -1        24 1.80397E+01 6.73250E+01 0.00000E+00
 -1        25 0.00000E+00 5.29500E+01 0.00000E+00
 -1        26 0.00000E+00 5.85333E+01 0.00000E+00
 -1        27 0.00000E+00 6.41167E+01 0.00000E+00
 -1        28 0.00000E+00 6.97000E+01 0.00000E+00
 -1        29 5.29500E+01 0.00000E+00 3.25000E+01
 -1        30 5.85333E+01 0.00000E+00 3.25000E+01
 -1        31 6.41167E+01 0.00000E+00 3.25000E+01
 -1        32 6.97000E+01 0.00000E+00 3.25000E+01
 -1        33 5.11458E+01 1.37045E+01 3.25000E+01
 -1        34 5.65389E+01 1.51495E+01 3.25000E+01
 -1        35 6.19319E+01 1.65946E+01 3.25000E+01
 -1        36 6.73250E+01 1.80397E+01 3.25000E+01
 -1        37 4.58560E+01 2.64750E+01 3.25000E+01
 -1        38 5.06914E+01 2.92667E+01 3.25000E+01
 -1        39 5.55267E+01 3.20583E+01 3.25000E+01
 -1        40 6.03620E+01 3.48500E+01 3.25000E+01
 -1        41 3.74413E+01 3.74413E+01 3.25000E+01
 -1        42 4.13893E+01 4.13893E+01 3.25000E+01
 -1        43 4.53373E+01 4.53373E+01 3.25000E+01
 -1        44 4.92853E+01 4.92853E+01 3.25000E+01
 -1        45 2.64750E+01 4.58560E+01 3.25000E+01
 -1        46 2.92667E+01 5.06914E+01 3.25000E+01
 -1        47 3.20583E+01 5.55267E+01 3.25000E+01
 -1        48 3.48500E+01 6.03620E+01 3.25000E+01
 -1        49 1.37045E+01 5.11458E+01 3.25000E+01
 -1        50 1.51495E+01 5.65389E+01 3.25000E+01
 -1        51 1.65946E+01 6.19319E+01 3.25000E+01
 -1        52 1.80397E+01 6.73250E+01 3.25000E+01
 -1        53 0.00000E+00 5.29500E+01 3.25000E+01
 -1        54 0.00000E+00 5.85333E+01 3.25000E+01
 -1        55 0.00000E+00 6.41167E+01 3.25000E+01
 -1        56 0.00000E+00 6.97000E+01 3.25000E+01
 -3
    3C                            18                                     1
 -1         1    1    0    1
 -2         1         2         6         5        29        30        34        33
 -1         2    1    0    1
 -2         2         3         7         6        30        31        35        34
 -1         3    1    0    1
 -2         3         4         8         7        31        32        36        35
 -1         4    1    0    1
 -2         5         6        10         9        33        34        38        37
 -1         5    1    0    1
 -2         6         7        11        10        34        35        39        38
 -1         6    1    0    1
 -2         7         8        12        11        35        36        40        39
 -1         7    1    0    1
 -2         9        10        14        13        37        38        42        41
 -1         8    1    0    1
 -2        10        11        15        14        38        39        43        42
 -1         9    1    0    1
 -2        11        12        16        15        39        40        44        43
 -1        10    1    0    1
 -2        13        14        18        17        41        42        46        45
 -1        11    1    0    1
 -2        14        15        19        18        42        43        47        46
 -1        12    1    0    1
 -2        15        16        20        19        43        44        48        47
 -1        13    1    0    1
 -2        17        18        22        21        45        46        50        49
 -1        14    1    0    1
 -2        18        19        23        22        46        47        51        50
 -1        15    1    0    1
 -2        19        20        24        23        47        48        52        51
 -1        16    1    0    1
 -2        21        22        26        25        49        50        54        53
 -1        17    1    0    1
 -2        22        23        27        26        50        51        55        54
 -1        18    1    0    1
 -2        23        24        28        27        51        52        56        55
 -3
 9999
